<html>
<body>
<pre>
<h1>µVision Build Log</h1>
<h2>Tool Versions:</h2>
IDE-Version: ¦ÌVision V5.25.2.0
Copyright (C) 2018 ARM Ltd and ARM Germany GmbH. All rights reserved.
License Information:  ,  , LIC=CZLRA-1PJHP-NMF9F-6Q0C7-CQL6B-FA0EP
 
Tool Versions:
Toolchain:       MDK-ARM Plus  Version: 5.25.2.0
Toolchain Path:  D:\Keil\ARM\ARMCC\Bin
C Compiler:      Armcc.exe V5.06 update 6 (build 750)
Assembler:       Armasm.exe V5.06 update 6 (build 750)
Linker/Locator:  ArmLink.exe V5.06 update 6 (build 750)
Library Manager: ArmAr.exe V5.06 update 6 (build 750)
Hex Converter:   FromElf.exe V5.06 update 6 (build 750)
CPU DLL:         SARMCM3.DLL V5.25.2.0
Dialog DLL:      DARMSTM.DLL V1.68.0.0
Target DLL:      UL2CM3.DLL V1.160.12.0
Dialog DLL:      TARMSTM.DLL V1.66.0.0
 
<h2>Project:</h2>
F:\AliosThings_STM32F103\USER\USART.uvprojx
Project File Date:  10/09/2018

<h2>Output:</h2>
*** Using Compiler 'V5.06 update 6 (build 750)', folder: 'D:\Keil\ARM\ARMCC\Bin'
Build target 'USART'
compiling hal_uart_stm32.c...
..\AliOS-Things-master\platform\mcu\stm32f103\hal\hal_uart_stm32.c(40): warning:  #177-D: variable "rx_count"  was declared but never referenced
      uint32_t rx_count = 0;
..\AliOS-Things-master\platform\mcu\stm32f103\hal\hal_uart_stm32.c(415): warning:  #1-D: last line of file ends without a newline
  #endif  /*uart recive enable*/
..\AliOS-Things-master\platform\mcu\stm32f103\hal\hal_uart_stm32.c: 2 warnings, 0 errors
linking...
Program Size: Code=44724 RO-data=992 RW-data=208 ZI-data=36072  
FromELF: creating hex file...
"..\OBJ\AliosThings.axf" - 0 Error(s), 2 Warning(s).

<h2>Software Packages used:</h2>

Package Vendor: Keil
                http://www.keil.com/pack/Keil.STM32F1xx_DFP.1.1.0.pack
                Keil.STM32F1xx_DFP.1.1.0
                STMicroelectronics STM32F1 Series Device Support, Drivers and Examples

<h2>Collection of Component include folders:</h2>
  .\RTE\_USART
  D:\Keil\ARM\PACK\Keil\STM32F1xx_DFP\1.1.0\Device\Include

<h2>Collection of Component Files used:</h2>
Build Time Elapsed:  00:00:01
</pre>
</body>
</html>
