Component: ARM Compiler 5.06 update 6 (build 750) Tool: armlink [4d35ed]

==============================================================================

Section Cross References

    main.o(.text) refers to aos_rhino.o(.text) for aos_version_get
    main.o(.text) refers to printf8.o(i.__0printf$8) for __2printf
    main.o(.text) refers to delay.o(.text) for delay_init
    main.o(.text) refers to misc.o(.text) for NVIC_PriorityGroupConfig
    main.o(.text) refers to usart.o(.text) for uart_init
    main.o(.text) refers to led.o(.text) for LED_Init
    main.o(.text) refers to key.o(.text) for KEY_Init
    main.o(.text) refers to soc_impl.o(.text) for aos_heap_set
    main.o(.text) refers to main.o(.data) for Led_Task_t
    system_stm32f10x.o(.text) refers to system_stm32f10x.o(.data) for SystemCoreClock
    led.o(.text) refers to stm32f10x_rcc.o(.text) for RCC_APB2PeriphClockCmd
    led.o(.text) refers to stm32f10x_gpio.o(.text) for GPIO_Init
    key.o(.text) refers to stm32f10x_rcc.o(.text) for RCC_APB2PeriphClockCmd
    key.o(.text) refers to stm32f10x_gpio.o(.text) for GPIO_Init
    key.o(.text) refers to delay.o(.text) for delay_ms
    key.o(.text) refers to key.o(.data) for key_up
    delay.o(.text) refers to k_sys.o(.text) for krhino_intrpt_enter
    delay.o(.text) refers to k_time.o(.text) for krhino_tick_proc
    delay.o(.text) refers to misc.o(.text) for SysTick_CLKSourceConfig
    delay.o(.text) refers to system_stm32f10x.o(.data) for SystemCoreClock
    delay.o(.text) refers to delay.o(.data) for fac_us
    usart.o(.text) refers to stm32f10x_rcc.o(.text) for RCC_APB2PeriphClockCmd
    usart.o(.text) refers to stm32f10x_gpio.o(.text) for GPIO_Init
    usart.o(.text) refers to misc.o(.text) for NVIC_Init
    usart.o(.text) refers to stm32f10x_usart.o(.text) for USART_Init
    usart.o(.text) refers to usart.o(.data) for USART_RX_STA
    usart.o(.text) refers to usart.o(.bss) for USART_RX_BUF
    startup_stm32f10x_hd.o(RESET) refers to startup_stm32f10x_hd.o(STACK) for __initial_sp
    startup_stm32f10x_hd.o(RESET) refers to startup_stm32f10x_hd.o(.text) for Reset_Handler
    startup_stm32f10x_hd.o(RESET) refers to stm32f10x_it.o(.text) for NMI_Handler
    startup_stm32f10x_hd.o(RESET) refers to port_s.o(.text) for PendSV_Handler
    startup_stm32f10x_hd.o(RESET) refers to delay.o(.text) for SysTick_Handler
    startup_stm32f10x_hd.o(RESET) refers to usart.o(.text) for USART1_IRQHandler
    startup_stm32f10x_hd.o(.text) refers to system_stm32f10x.o(.text) for SystemInit
    startup_stm32f10x_hd.o(.text) refers to entry.o(.ARM.Collect$$$$00000000) for __main
    stm32f10x_gpio.o(.text) refers to stm32f10x_rcc.o(.text) for RCC_APB2PeriphResetCmd
    stm32f10x_rcc.o(.text) refers to stm32f10x_rcc.o(.data) for APBAHBPrescTable
    stm32f10x_usart.o(.text) refers to stm32f10x_rcc.o(.text) for RCC_APB2PeriphResetCmd
    aos_rhino.o(.text) refers to k_task.o(.text) for krhino_task_dyn_create
    aos_rhino.o(.text) refers to aos_rhino.o(.data) for used_bitmap
    aos_rhino.o(.text) refers to k_mm.o(.text) for krhino_mm_free
    aos_rhino.o(.text) refers to k_mutex.o(.text) for krhino_mutex_create
    aos_rhino.o(.text) refers to k_time.o(.text) for krhino_ms_to_ticks
    aos_rhino.o(.text) refers to k_obj.o(.data) for g_kmm_head
    aos_rhino.o(.text) refers to k_sem.o(.text) for krhino_sem_create
    aos_rhino.o(.text) refers to k_event.o(.text) for krhino_event_dyn_create
    aos_rhino.o(.text) refers to k_buf_queue.o(.text) for krhino_buf_queue_create
    aos_rhino.o(.text) refers to k_timer.o(.text) for krhino_timer_dyn_create
    aos_rhino.o(.text) refers to k_workqueue.o(.text) for krhino_workqueue_create
    aos_rhino.o(.text) refers to memseta.o(.text) for __aeabi_memclr
    aos_rhino.o(.text) refers to k_sys.o(.text) for krhino_init
    k_workqueue.o(.text) refers to port_s.o(.text) for cpu_intrpt_save
    k_workqueue.o(.text) refers to k_sem.o(.text) for krhino_sem_take
    k_workqueue.o(.text) refers to k_err.o(.text) for k_err_proc
    k_workqueue.o(.text) refers to k_task.o(.text) for krhino_task_create
    k_workqueue.o(.text) refers to memseta.o(.text) for __aeabi_memclr4
    k_workqueue.o(.text) refers to k_timer.o(.text) for krhino_timer_dyn_create
    k_workqueue.o(.text) refers to k_obj.o(.data) for g_workqueue_list_head
    k_workqueue.o(.text) refers to k_obj.o(.bss) for g_workqueue_default
    k_timer.o(.text) refers to k_buf_queue.o(.text) for krhino_buf_queue_send
    k_timer.o(.text) refers to k_mm.o(.text) for krhino_mm_alloc
    k_timer.o(.text) refers to k_obj.o(.data) for g_timer_count
    k_timer.o(.text) refers to k_obj.o(.bss) for g_timer_queue
    k_timer.o(.text) refers to k_err.o(.text) for k_err_proc
    k_timer.o(.text) refers to k_time.o(.text) for krhino_sys_tick_get
    k_timer.o(.text) refers to k_task.o(.text) for krhino_task_create
    k_time.o(.text) refers to k_tick.o(.text) for tick_list_update
    k_time.o(.text) refers to k_sched.o(.text) for time_slice_update
[...]
    printf7.o(i.__0fprintf$7) refers to usart.o(.text) for fputc
    printf7.o(i.__0printf$7) refers to printf7.o(i._printf_core) for _printf_core
    printf7.o(i.__0printf$7) refers to usart.o(.text) for fputc
    printf7.o(i.__0printf$7) refers to usart.o(.data) for __stdout
    printf7.o(i.__0snprintf$7) refers to printf7.o(i._printf_core) for _printf_core
    printf7.o(i.__0snprintf$7) refers to printf7.o(i._snputc) for _snputc
    printf7.o(i.__0sprintf$7) refers to printf7.o(i._printf_core) for _printf_core
    printf7.o(i.__0sprintf$7) refers to printf7.o(i._sputc) for _sputc
    printf7.o(i.__0vfprintf$7) refers to printf7.o(i._printf_core) for _printf_core
    printf7.o(i.__0vfprintf$7) refers to usart.o(.text) for fputc
    printf7.o(i.__0vprintf$7) refers to printf7.o(i._printf_core) for _printf_core
    printf7.o(i.__0vprintf$7) refers to usart.o(.text) for fputc
    printf7.o(i.__0vprintf$7) refers to usart.o(.data) for __stdout
    printf7.o(i.__0vsnprintf$7) refers to printf7.o(i._printf_core) for _printf_core
    printf7.o(i.__0vsnprintf$7) refers to printf7.o(i._snputc) for _snputc
    printf7.o(i.__0vsprintf$7) refers to printf7.o(i._printf_core) for _printf_core
    printf7.o(i.__0vsprintf$7) refers to printf7.o(i._sputc) for _sputc
    printf7.o(i._printf_core) refers to printf7.o(i._printf_pre_padding) for _printf_pre_padding
    printf7.o(i._printf_core) refers to uldiv.o(.text) for __aeabi_uldivmod
    printf7.o(i._printf_core) refers to printf7.o(i._printf_post_padding) for _printf_post_padding
    printf8.o(i.__0fprintf$8) refers to printf8.o(i._printf_core) for _printf_core
    printf8.o(i.__0fprintf$8) refers to usart.o(.text) for fputc
    printf8.o(i.__0printf$8) refers to printf8.o(i._printf_core) for _printf_core
    printf8.o(i.__0printf$8) refers to usart.o(.text) for fputc
    printf8.o(i.__0printf$8) refers to usart.o(.data) for __stdout
    printf8.o(i.__0snprintf$8) refers to printf8.o(i._printf_core) for _printf_core
    printf8.o(i.__0snprintf$8) refers to printf8.o(i._snputc) for _snputc
    printf8.o(i.__0sprintf$8) refers to printf8.o(i._printf_core) for _printf_core
    printf8.o(i.__0sprintf$8) refers to printf8.o(i._sputc) for _sputc
    printf8.o(i.__0vfprintf$8) refers to printf8.o(i._printf_core) for _printf_core
    printf8.o(i.__0vfprintf$8) refers to usart.o(.text) for fputc
    printf8.o(i.__0vprintf$8) refers to printf8.o(i._printf_core) for _printf_core
    printf8.o(i.__0vprintf$8) refers to usart.o(.text) for fputc
    printf8.o(i.__0vprintf$8) refers to usart.o(.data) for __stdout
    printf8.o(i.__0vsnprintf$8) refers to printf8.o(i._printf_core) for _printf_core
    printf8.o(i.__0vsnprintf$8) refers to printf8.o(i._snputc) for _snputc
    printf8.o(i.__0vsprintf$8) refers to printf8.o(i._printf_core) for _printf_core
    printf8.o(i.__0vsprintf$8) refers to printf8.o(i._sputc) for _sputc
    printf8.o(i._printf_core) refers to printf8.o(i._printf_pre_padding) for _printf_pre_padding
    printf8.o(i._printf_core) refers to uldiv.o(.text) for __aeabi_uldivmod
    printf8.o(i._printf_core) refers to printf8.o(i._printf_post_padding) for _printf_post_padding
    printfa.o(i.__0fprintf) refers (Special) to iusefp.o(.text) for __I$use$fp
    printfa.o(i.__0fprintf) refers to printfa.o(i._printf_core) for _printf_core
    printfa.o(i.__0fprintf) refers to usart.o(.text) for fputc
    printfa.o(i.__0printf) refers (Special) to iusefp.o(.text) for __I$use$fp
    printfa.o(i.__0printf) refers to printfa.o(i._printf_core) for _printf_core
    printfa.o(i.__0printf) refers to usart.o(.text) for fputc
    printfa.o(i.__0printf) refers to usart.o(.data) for __stdout
    printfa.o(i.__0snprintf) refers (Special) to iusefp.o(.text) for __I$use$fp
    printfa.o(i.__0snprintf) refers to printfa.o(i._printf_core) for _printf_core
    printfa.o(i.__0snprintf) refers to printfa.o(i._snputc) for _snputc
    printfa.o(i.__0sprintf) refers (Special) to iusefp.o(.text) for __I$use$fp
    printfa.o(i.__0sprintf) refers to printfa.o(i._printf_core) for _printf_core
    printfa.o(i.__0sprintf) refers to printfa.o(i._sputc) for _sputc
    printfa.o(i.__0vfprintf) refers (Special) to iusefp.o(.text) for __I$use$fp
    printfa.o(i.__0vfprintf) refers to printfa.o(i._printf_core) for _printf_core
    printfa.o(i.__0vfprintf) refers to usart.o(.text) for fputc
    printfa.o(i.__0vprintf) refers (Special) to iusefp.o(.text) for __I$use$fp
    printfa.o(i.__0vprintf) refers to printfa.o(i._printf_core) for _printf_core
    printfa.o(i.__0vprintf) refers to usart.o(.text) for fputc
    printfa.o(i.__0vprintf) refers to usart.o(.data) for __stdout
    printfa.o(i.__0vsnprintf) refers (Special) to iusefp.o(.text) for __I$use$fp
    printfa.o(i.__0vsnprintf) refers to printfa.o(i._printf_core) for _printf_core
    printfa.o(i.__0vsnprintf) refers to printfa.o(i._snputc) for _snputc
    printfa.o(i.__0vsprintf) refers (Special) to iusefp.o(.text) for __I$use$fp
    printfa.o(i.__0vsprintf) refers to printfa.o(i._printf_core) for _printf_core
    printfa.o(i.__0vsprintf) refers to printfa.o(i._sputc) for _sputc
    printfa.o(i._fp_digits) refers (Special) to iusefp.o(.text) for __I$use$fp
    printfa.o(i._fp_digits) refers to dmul.o(.text) for __aeabi_dmul
    printfa.o(i._fp_digits) refers to ddiv.o(.text) for __aeabi_ddiv
    printfa.o(i._fp_digits) refers to cdrcmple.o(.text) for __aeabi_cdrcmple
    printfa.o(i._fp_digits) refers to dadd.o(.text) for __aeabi_dadd
    printfa.o(i._fp_digits) refers to dfixul.o(.text) for __aeabi_d2ulz
    printfa.o(i._fp_digits) refers to uldiv.o(.text) for __aeabi_uldivmod
    printfa.o(i._printf_core) refers (Special) to iusefp.o(.text) for __I$use$fp
    printfa.o(i._printf_core) refers to printfa.o(i._printf_pre_padding) for _printf_pre_padding
    printfa.o(i._printf_core) refers to uldiv.o(.text) for __aeabi_uldivmod
    printfa.o(i._printf_core) refers to printfa.o(i._printf_post_padding) for _printf_post_padding
    printfa.o(i._printf_core) refers to printfa.o(i._fp_digits) for _fp_digits
    printfa.o(i._printf_core) refers to uidiv.o(.text) for __aeabi_uidivmod
    printfa.o(i._printf_post_padding) refers (Special) to iusefp.o(.text) for __I$use$fp
    printfa.o(i._printf_pre_padding) refers (Special) to iusefp.o(.text) for __I$use$fp
    printfa.o(i._snputc) refers (Special) to iusefp.o(.text) for __I$use$fp
    printfa.o(i._sputc) refers (Special) to iusefp.o(.text) for __I$use$fp
    entry2.o(.ARM.Collect$$$$00000001) refers to entry2.o(.ARM.Collect$$$$00002712) for __lit__00000000
    entry2.o(.ARM.Collect$$$$00002712) refers to startup_stm32f10x_hd.o(STACK) for __initial_sp
    entry2.o(__vectab_stack_and_reset_area) refers to startup_stm32f10x_hd.o(STACK) for __initial_sp
    entry2.o(__vectab_stack_and_reset_area) refers to entry.o(.ARM.Collect$$$$00000000) for __main
    entry5.o(.ARM.Collect$$$$00000004) refers to init.o(.text) for __scatterload
    entry9a.o(.ARM.Collect$$$$0000000B) refers to main.o(.text) for main
    entry9b.o(.ARM.Collect$$$$0000000C) refers to main.o(.text) for main
    dadd.o(.text) refers to llshl.o(.text) for __aeabi_llsl
    dadd.o(.text) refers to llsshr.o(.text) for __aeabi_lasr
    dadd.o(.text) refers to depilogue.o(.text) for _double_epilogue
    dmul.o(.text) refers to depilogue.o(.text) for _double_epilogue
    ddiv.o(.text) refers to depilogue.o(.text) for _double_round
    dfixul.o(.text) refers to llushr.o(.text) for __aeabi_llsr
    dfixul.o(.text) refers to llshl.o(.text) for __aeabi_llsl
    init.o(.text) refers to entry5.o(.ARM.Collect$$$$00000004) for __main_after_scatterload
    depilogue.o(.text) refers to llshl.o(.text) for __aeabi_llsl
    depilogue.o(.text) refers to llushr.o(.text) for __aeabi_llsr


==============================================================================

Removing Unused input sections from the image.

    Removing sys.o(.emb_text), (6 bytes).
    Removing sys.o(.text), (12 bytes).
    Removing core_cm3.o(.emb_text), (32 bytes).
    Removing startup_stm32f10x_hd.o(HEAP), (512 bytes).
    Removing k_task_sem.o(.text), (176 bytes).
    Removing k_queue.o(.text), (1452 bytes).
    Removing dadd.o(.text), (334 bytes).
    Removing dmul.o(.text), (228 bytes).
    Removing ddiv.o(.text), (222 bytes).
    Removing dfixul.o(.text), (48 bytes).
    Removing cdrcmple.o(.text), (48 bytes).
    Removing depilogue.o(.text), (186 bytes).

12 unused section(s) (total 3256 bytes) removed from the image.

==============================================================================

Image Symbol Table

    Local Symbols

    Symbol Name                              Value     Ov Type        Size  Object(Section)

    ../clib/microlib/division.c              0x00000000   Number         0  uldiv.o ABSOLUTE
    ../clib/microlib/division.c              0x00000000   Number         0  uidiv.o ABSOLUTE
    ../clib/microlib/init/entry.s            0x00000000   Number         0  entry7a.o ABSOLUTE
    ../clib/microlib/init/entry.s            0x00000000   Number         0  entry2.o ABSOLUTE
    ../clib/microlib/init/entry.s            0x00000000   Number         0  entry10a.o ABSOLUTE
    ../clib/microlib/init/entry.s            0x00000000   Number         0  entry11b.o ABSOLUTE
    ../clib/microlib/init/entry.s            0x00000000   Number         0  entry5.o ABSOLUTE
    ../clib/microlib/init/entry.s            0x00000000   Number         0  entry9b.o ABSOLUTE
    ../clib/microlib/init/entry.s            0x00000000   Number         0  entry11a.o ABSOLUTE
    ../clib/microlib/init/entry.s            0x00000000   Number         0  entry7b.o ABSOLUTE
    ../clib/microlib/init/entry.s            0x00000000   Number         0  entry8a.o ABSOLUTE
    ../clib/microlib/init/entry.s            0x00000000   Number         0  entry8b.o ABSOLUTE
    ../clib/microlib/init/entry.s            0x00000000   Number         0  entry9a.o ABSOLUTE
    ../clib/microlib/init/entry.s            0x00000000   Number         0  entry10b.o ABSOLUTE
    ../clib/microlib/init/entry.s            0x00000000   Number         0  entry.o ABSOLUTE
    ../clib/microlib/longlong.c              0x00000000   Number         0  llshl.o ABSOLUTE
    ../clib/microlib/longlong.c              0x00000000   Number         0  llushr.o ABSOLUTE
    ../clib/microlib/longlong.c              0x00000000   Number         0  llsshr.o ABSOLUTE
    ../clib/microlib/printf/printf.c         0x00000000   Number         0  printf1.o ABSOLUTE
    ../clib/microlib/printf/printf.c         0x00000000   Number         0  printf0.o ABSOLUTE
    ../clib/microlib/printf/printf.c         0x00000000   Number         0  printf3.o ABSOLUTE
    ../clib/microlib/printf/printf.c         0x00000000   Number         0  printfb.o ABSOLUTE
    ../clib/microlib/printf/printf.c         0x00000000   Number         0  printfa.o ABSOLUTE
    ../clib/microlib/printf/printf.c         0x00000000   Number         0  printf6.o ABSOLUTE
    ../clib/microlib/printf/printf.c         0x00000000   Number         0  printf5.o ABSOLUTE
    ../clib/microlib/printf/printf.c         0x00000000   Number         0  printf4.o ABSOLUTE
    ../clib/microlib/printf/printf.c         0x00000000   Number         0  printf7.o ABSOLUTE
    ../clib/microlib/printf/printf.c         0x00000000   Number         0  printf2.o ABSOLUTE
    ../clib/microlib/printf/printf.c         0x00000000   Number         0  printf8.o ABSOLUTE
    ../clib/microlib/printf/stubs.s          0x00000000   Number         0  stubs.o ABSOLUTE
    ../clib/microlib/string/memcpy.c         0x00000000   Number         0  memcpya.o ABSOLUTE
    ../clib/microlib/string/memcpy.c         0x00000000   Number         0  memcpyb.o ABSOLUTE
    ../clib/microlib/string/memset.c         0x00000000   Number         0  memseta.o ABSOLUTE
    ../clib/microlib/stubs.s                 0x00000000   Number         0  useno.o ABSOLUTE
    ../clib/microlib/stubs.s                 0x00000000   Number         0  iusefp.o ABSOLUTE
    ../fplib/microlib/fpadd.c                0x00000000   Number         0  dadd.o ABSOLUTE
    ../fplib/microlib/fpdiv.c                0x00000000   Number         0  ddiv.o ABSOLUTE
    ../fplib/microlib/fpepilogue.c           0x00000000   Number         0  depilogue.o ABSOLUTE
    ../fplib/microlib/fpfix.c                0x00000000   Number         0  dfixul.o ABSOLUTE
    ../fplib/microlib/fpmul.c                0x00000000   Number         0  dmul.o ABSOLUTE
    ..\AliOS-Things-master\kernel\rhino\core\k_buf_queue.c 0x00000000   Number         0  k_buf_queue.o ABSOLUTE
    ..\AliOS-Things-master\kernel\rhino\core\k_dyn_mem_proc.c 0x00000000   Number         0  k_dyn_mem_proc.o ABSOLUTE
    ..\AliOS-Things-master\kernel\rhino\core\k_err.c 0x00000000   Number         0  k_err.o ABSOLUTE
    ..\AliOS-Things-master\kernel\rhino\core\k_event.c 0x00000000   Number         0  k_event.o ABSOLUTE
    ..\AliOS-Things-master\kernel\rhino\core\k_idle.c 0x00000000   Number         0  k_idle.o ABSOLUTE
    ..\AliOS-Things-master\kernel\rhino\core\k_mm.c 0x00000000   Number         0  k_mm.o ABSOLUTE
    ..\AliOS-Things-master\kernel\rhino\core\k_mm_blk.c 0x00000000   Number         0  k_mm_blk.o ABSOLUTE
    ..\AliOS-Things-master\kernel\rhino\core\k_mm_debug.c 0x00000000   Number         0  k_mm_debug.o ABSOLUTE
    ..\AliOS-Things-master\kernel\rhino\core\k_mutex.c 0x00000000   Number         0  k_mutex.o ABSOLUTE
    ..\AliOS-Things-master\kernel\rhino\core\k_obj.c 0x00000000   Number         0  k_obj.o ABSOLUTE
    ..\AliOS-Things-master\kernel\rhino\core\k_pend.c 0x00000000   Number         0  k_pend.o ABSOLUTE
    ..\AliOS-Things-master\kernel\rhino\core\k_queue.c 0x00000000   Number         0  k_queue.o ABSOLUTE
    ..\AliOS-Things-master\kernel\rhino\core\k_ringbuf.c 0x00000000   Number         0  k_ringbuf.o ABSOLUTE
    ..\AliOS-Things-master\kernel\rhino\core\k_sched.c 0x00000000   Number         0  k_sched.o ABSOLUTE
    ..\AliOS-Things-master\kernel\rhino\core\k_sem.c 0x00000000   Number         0  k_sem.o ABSOLUTE
    ..\AliOS-Things-master\kernel\rhino\core\k_stats.c 0x00000000   Number         0  k_stats.o ABSOLUTE
    ..\AliOS-Things-master\kernel\rhino\core\k_sys.c 0x00000000   Number         0  k_sys.o ABSOLUTE
    ..\AliOS-Things-master\kernel\rhino\core\k_task.c 0x00000000   Number         0  k_task.o ABSOLUTE
    ..\AliOS-Things-master\kernel\rhino\core\k_task_sem.c 0x00000000   Number         0  k_task_sem.o ABSOLUTE
    ..\AliOS-Things-master\kernel\rhino\core\k_tick.c 0x00000000   Number         0  k_tick.o ABSOLUTE
    ..\AliOS-Things-master\kernel\rhino\core\k_time.c 0x00000000   Number         0  k_time.o ABSOLUTE
    ..\AliOS-Things-master\kernel\rhino\core\k_timer.c 0x00000000   Number         0  k_timer.o ABSOLUTE
    ..\AliOS-Things-master\kernel\rhino\core\k_workqueue.c 0x00000000   Number         0  k_workqueue.o ABSOLUTE
    ..\AliOS-Things-master\kernel\vcall\aos\aos_rhino.c 0x00000000   Number         0  aos_rhino.o ABSOLUTE
    ..\AliOS-Things-master\platform\arch\arm\armv7m\armcc\m3\port_c.c 0x00000000   Number         0  port_c.o ABSOLUTE
    ..\AliOS-Things-master\platform\arch\arm\armv7m\armcc\m3\port_s.s 0x00000000   Number         0  port_s.o ABSOLUTE
    ..\AliOS-Things-master\platform\mcu\stm32f103\aos\soc_impl.c 0x00000000   Number         0  soc_impl.o ABSOLUTE
    ..\CORE\core_cm3.c                       0x00000000   Number         0  core_cm3.o ABSOLUTE
    ..\CORE\startup_stm32f10x_hd.s           0x00000000   Number         0  startup_stm32f10x_hd.o ABSOLUTE
    ..\HARDWARE\KEY\key.c                    0x00000000   Number         0  key.o ABSOLUTE
    ..\HARDWARE\LED\led.c                    0x00000000   Number         0  led.o ABSOLUTE
    ..\STM32F10x_FWLib\src\misc.c            0x00000000   Number         0  misc.o ABSOLUTE
    ..\STM32F10x_FWLib\src\stm32f10x_gpio.c  0x00000000   Number         0  stm32f10x_gpio.o ABSOLUTE
    ..\STM32F10x_FWLib\src\stm32f10x_rcc.c   0x00000000   Number         0  stm32f10x_rcc.o ABSOLUTE
    ..\STM32F10x_FWLib\src\stm32f10x_usart.c 0x00000000   Number         0  stm32f10x_usart.o ABSOLUTE
    ..\SYSTEM\delay\delay.c                  0x00000000   Number         0  delay.o ABSOLUTE
    ..\SYSTEM\sys\sys.c                      0x00000000   Number         0  sys.o ABSOLUTE
    ..\SYSTEM\usart\usart.c                  0x00000000   Number         0  usart.o ABSOLUTE
    ..\\CORE\\core_cm3.c                     0x00000000   Number         0  core_cm3.o ABSOLUTE
    ..\\SYSTEM\\sys\\sys.c                   0x00000000   Number         0  sys.o ABSOLUTE
    cdrcmple.s                               0x00000000   Number         0  cdrcmple.o ABSOLUTE
    dc.s                                     0x00000000   Number         0  dc.o ABSOLUTE
    handlers.s                               0x00000000   Number         0  handlers.o ABSOLUTE
    init.s                                   0x00000000   Number         0  init.o ABSOLUTE
    main.c                                   0x00000000   Number         0  main.o ABSOLUTE
    stm32f10x_it.c                           0x00000000   Number         0  stm32f10x_it.o ABSOLUTE
    system_stm32f10x.c                       0x00000000   Number         0  system_stm32f10x.o ABSOLUTE
    RESET                                    0x08000000   Section      304  startup_stm32f10x_hd.o(RESET)
    .ARM.Collect$$$$00000000                 0x08000130   Section        0  entry.o(.ARM.Collect$$$$00000000)
    .ARM.Collect$$$$00000001                 0x08000130   Section        4  entry2.o(.ARM.Collect$$$$00000001)
    .ARM.Collect$$$$00000004                 0x08000134   Section        4  entry5.o(.ARM.Collect$$$$00000004)
    .ARM.Collect$$$$00000008                 0x08000138   Section        0  entry7b.o(.ARM.Collect$$$$00000008)
    .ARM.Collect$$$$0000000A                 0x08000138   Section        0  entry8b.o(.ARM.Collect$$$$0000000A)
    .ARM.Collect$$$$0000000B                 0x08000138   Section        8  entry9a.o(.ARM.Collect$$$$0000000B)
    .ARM.Collect$$$$0000000D                 0x08000140   Section        0  entry10a.o(.ARM.Collect$$$$0000000D)
    .ARM.Collect$$$$0000000F                 0x08000140   Section        0  entry11a.o(.ARM.Collect$$$$0000000F)
    .ARM.Collect$$$$00002712                 0x08000140   Section        4  entry2.o(.ARM.Collect$$$$00002712)
    __lit__00000000                          0x08000140   Data           4  entry2.o(.ARM.Collect$$$$00002712)
    .text                                    0x08000144   Section        0  main.o(.text)
    .text                                    0x080002e4   Section        0  stm32f10x_it.o(.text)
    .text                                    0x080002fc   Section        0  system_stm32f10x.o(.text)
    SetSysClockTo72                          0x080002fd   Thumb Code   214  system_stm32f10x.o(.text)
    SetSysClock                              0x080003d3   Thumb Code     8  system_stm32f10x.o(.text)
    .text                                    0x080004dc   Section        0  led.o(.text)
    .text                                    0x08000528   Section        0  key.o(.text)
    .text                                    0x08000624   Section        0  delay.o(.text)
    .text                                    0x080006e0   Section        0  usart.o(.text)
    .text                                    0x08000820   Section       36  startup_stm32f10x_hd.o(.text)
    .text                                    0x08000844   Section        0  misc.o(.text)
    .text                                    0x08000920   Section        0  stm32f10x_gpio.o(.text)
    .text                                    0x08000c7c   Section        0  stm32f10x_rcc.o(.text)
    .text                                    0x08001020   Section        0  stm32f10x_usart.o(.text)
    .text                                    0x08001428   Section        0  aos_rhino.o(.text)
    .text                                    0x08003b78   Section        0  k_workqueue.o(.text)
    klist_insert                             0x08003b79   Thumb Code    14  k_workqueue.o(.text)
    klist_rm_init                            0x08003b87   Thumb Code    18  k_workqueue.o(.text)
    workqueue_is_exist                       0x08003b99   Thumb Code    68  k_workqueue.o(.text)
    worker_task                              0x08003bdd   Thumb Code   102  k_workqueue.o(.text)
    work_timer_cb                            0x08003d35   Thumb Code   114  k_workqueue.o(.text)
    klist_init                               0x08003fd1   Thumb Code     6  k_workqueue.o(.text)
    .text                                    0x08003fd8   Section        0  k_timer.o(.text)
    timer_list_pri_insert                    0x08003fd9   Thumb Code    88  k_timer.o(.text)
    timer_list_rm                            0x08004031   Thumb Code    26  k_timer.o(.text)
    timer_create                             0x08004075   Thumb Code   172  k_timer.o(.text)
    timer_cb_proc                            0x080042ed   Thumb Code   132  k_timer.o(.text)
    cmd_proc                                 0x08004371   Thumb Code   300  k_timer.o(.text)
    timer_cmd_proc                           0x0800449d   Thumb Code    46  k_timer.o(.text)
    timer_task                               0x080044cb   Thumb Code   194  k_timer.o(.text)
    klist_init                               0x080045cf   Thumb Code     6  k_timer.o(.text)
    .text                                    0x08004608   Section        0  k_time.o(.text)
    .text                                    0x08004720   Section        0  k_tick.o(.text)
    klist_rm                                 0x08004889   Thumb Code    14  k_tick.o(.text)
    tick_list_pri_insert                     0x08004897   Thumb Code    96  k_tick.o(.text)
    .text                                    0x08004904   Section        0  k_task.o(.text)
    klist_insert                             0x08004905   Thumb Code    14  k_task.o(.text)
    task_create                              0x08004913   Thumb Code   420  k_task.o(.text)
    task_mutex_free                          0x0800519f   Thumb Code    70  k_task.o(.text)
    klist_rm                                 0x0800562d   Thumb Code    14  k_task.o(.text)
    .text                                    0x0800563c   Section        0  k_sys.o(.text)
    .text                                    0x08005804   Section        0  k_stats.o(.text)
    klist_init                               0x08005883   Thumb Code     6  k_stats.o(.text)
    .text                                    0x08005894   Section        0  k_sem.o(.text)
    sem_create                               0x08005895   Thumb Code   104  k_sem.o(.text)
    sem_give                                 0x08005a89   Thumb Code   166  k_sem.o(.text)
    is_klist_empty                           0x08005d15   Thumb Code    16  k_sem.o(.text)
    klist_rm                                 0x08005d25   Thumb Code    14  k_sem.o(.text)
    .text                                    0x08005d34   Section        0  k_sched.o(.text)
    klist_insert                             0x08005d35   Thumb Code    14  k_sched.o(.text)
    ready_list_init                          0x08005ea3   Thumb Code    82  k_sched.o(.text)
    krhino_find_first_bit                    0x080060d7   Thumb Code    70  k_sched.o(.text)
    is_ready_list_empty                      0x0800611d   Thumb Code    18  k_sched.o(.text)
    .text                                    0x08006144   Section        0  k_ringbuf.o(.text)
    .text                                    0x080063d4   Section        0  k_pend.o(.text)
    klist_insert                             0x080063d5   Thumb Code    14  k_pend.o(.text)
    pend_list_add                            0x080063e3   Thumb Code    52  k_pend.o(.text)
    klist_rm                                 0x08006571   Thumb Code    14  k_pend.o(.text)
    .text                                    0x08006584   Section        0  k_mutex.o(.text)
    mutex_release                            0x0800664b   Thumb Code    34  k_mutex.o(.text)
    is_klist_empty                           0x08006ac9   Thumb Code    16  k_mutex.o(.text)
    klist_rm                                 0x08006ad9   Thumb Code    14  k_mutex.o(.text)
    .text                                    0x08006af4   Section        0  k_mm_debug.o(.text)
    .text                                    0x08006f38   Section        0  k_mm_blk.o(.text)
    .text                                    0x080070b4   Section        0  k_mm.o(.text)
    size_to_level                            0x080070b5   Thumb Code    36  k_mm.o(.text)
    k_mm_freelist_insert                     0x080070d9   Thumb Code    80  k_mm.o(.text)
    k_mm_freelist_delete                     0x08007129   Thumb Code    98  k_mm.o(.text)
    removesize                               0x0800718b   Thumb Code    26  k_mm.o(.text)
    k_mm_smallblk_free                       0x080071a5   Thumb Code    42  k_mm.o(.text)
    init_mm_region                           0x0800734f   Thumb Code    84  k_mm.o(.text)
    addsize                                  0x08007453   Thumb Code    82  k_mm.o(.text)
    find_up_level                            0x080074a5   Thumb Code    46  k_mm.o(.text)
    k_mm_smallblk_alloc                      0x080074d3   Thumb Code    42  k_mm.o(.text)
    krhino_clz32                             0x08007c83   Thumb Code    76  k_mm.o(.text)
    krhino_ctz32                             0x08007ccf   Thumb Code    72  k_mm.o(.text)
    .text                                    0x08007d64   Section        0  k_idle.o(.text)
    .text                                    0x08007d90   Section        0  k_event.o(.text)
    event_create                             0x08007d91   Thumb Code   100  k_event.o(.text)
    event_set                                0x080080e3   Thumb Code   222  k_event.o(.text)
    is_klist_empty                           0x080081eb   Thumb Code    16  k_event.o(.text)
    klist_rm                                 0x080081fb   Thumb Code    14  k_event.o(.text)
    .text                                    0x08008208   Section        0  k_err.o(.text)
    .text                                    0x08008220   Section        0  k_dyn_mem_proc.o(.text)
    .text                                    0x080082fc   Section        0  k_buf_queue.o(.text)
    buf_queue_create                         0x080082fd   Thumb Code   168  k_buf_queue.o(.text)
    buf_queue_send                           0x080085b5   Thumb Code   224  k_buf_queue.o(.text)
    is_klist_empty                           0x080088d1   Thumb Code    16  k_buf_queue.o(.text)
    klist_rm                                 0x080088e1   Thumb Code    14  k_buf_queue.o(.text)
    .text                                    0x080088fc   Section        0  port_c.o(.text)
    .text                                    0x080089b0   Section      152  port_s.o(.text)
    .text                                    0x08008a48   Section        0  soc_impl.o(.text)
    soc_print_stack                          0x08008a5f   Thumb Code    82  soc_impl.o(.text)
    .text                                    0x08008b20   Section        0  uldiv.o(.text)
    .text                                    0x08008b82   Section        0  memcpya.o(.text)
    .text                                    0x08008ba6   Section        0  memseta.o(.text)
    .text                                    0x08008bca   Section        0  llshl.o(.text)
    .text                                    0x08008be8   Section        0  llushr.o(.text)
    .text                                    0x08008c08   Section       36  init.o(.text)
    i.__0printf$8                            0x08008c2c   Section        0  printf8.o(i.__0printf$8)
    i.__scatterload_copy                     0x08008c4c   Section       14  handlers.o(i.__scatterload_copy)
    i.__scatterload_null                     0x08008c5a   Section        2  handlers.o(i.__scatterload_null)
    i.__scatterload_zeroinit                 0x08008c5c   Section       14  handlers.o(i.__scatterload_zeroinit)
    i._printf_core                           0x08008c6c   Section        0  printf8.o(i._printf_core)
    _printf_core                             0x08008c6d   Thumb Code   996  printf8.o(i._printf_core)
    i._printf_post_padding                   0x0800907c   Section        0  printf8.o(i._printf_post_padding)
    _printf_post_padding                     0x0800907d   Thumb Code    36  printf8.o(i._printf_post_padding)
    i._printf_pre_padding                    0x080090a0   Section        0  printf8.o(i._printf_pre_padding)
    _printf_pre_padding                      0x080090a1   Thumb Code    46  printf8.o(i._printf_pre_padding)
    .conststring                             0x080090d0   Section      263  k_mm_debug.o(.conststring)
    .data                                    0x20000000   Section       12  main.o(.data)
    .data                                    0x2000000c   Section       20  system_stm32f10x.o(.data)
    .data                                    0x20000020   Section        1  key.o(.data)
    key_up                                   0x20000020   Data           1  key.o(.data)
    .data                                    0x20000021   Section        1  delay.o(.data)
    fac_us                                   0x20000021   Data           1  delay.o(.data)
    .data                                    0x20000024   Section        6  usart.o(.data)
    .data                                    0x2000002a   Section       20  stm32f10x_rcc.o(.data)
    APBAHBPrescTable                         0x2000002a   Data          16  stm32f10x_rcc.o(.data)
    ADCPrescTable                            0x2000003a   Data           4  stm32f10x_rcc.o(.data)
    .data                                    0x20000040   Section        4  aos_rhino.o(.data)
    used_bitmap                              0x20000040   Data           4  aos_rhino.o(.data)
    .data                                    0x20000048   Section       76  k_obj.o(.data)
    .data                                    0x20000094   Section        8  k_mm.o(.data)
    dumped                                   0x20000094   Data           4  k_mm.o(.data)
    reallocdumped                            0x20000098   Data           4  k_mm.o(.data)
    .data                                    0x2000009c   Section       16  soc_impl.o(.data)
    .bss                                     0x200000ac   Section      200  usart.o(.bss)
    .bss                                     0x20000178   Section     7600  k_obj.o(.bss)
    .bss                                     0x20001f28   Section    20480  soc_impl.o(.bss)
    STACK                                    0x20006f28   Section     1024  startup_stm32f10x_hd.o(STACK)

    Global Symbols

    Symbol Name                              Value     Ov Type        Size  Object(Section)

    BuildAttributes$$THM_ISAv4$P$D$K$B$S$PE$A:L22UL41UL21$X:L11$S22US41US21$IEEE1$IW$USESV6$~STKCKD$USESV7$~SHL$OSPACE$ROPI$EBA8$MICROLIB$REQ8$PRES8$EABIv2 0x00000000   Number         0  anon$$obj.o ABSOLUTE
    __ARM_use_no_argv                        0x00000000   Number         0  main.o ABSOLUTE
    __use_no_errno                           0x00000000   Number         0  useno.o ABSOLUTE
    __use_no_exception_handling              0x00000000   Number         0  useno.o ABSOLUTE
    __use_no_fp                              0x00000000   Number         0  useno.o ABSOLUTE
    __use_no_heap                            0x00000000   Number         0  useno.o ABSOLUTE
    __use_no_heap_region                     0x00000000   Number         0  useno.o ABSOLUTE
    __use_no_semihosting                     0x00000000   Number         0  useno.o ABSOLUTE
    __use_no_semihosting_swi                 0x00000000   Number         0  useno.o ABSOLUTE
    __use_no_signal_handling                 0x00000000   Number         0  useno.o ABSOLUTE
    _printf_a                                0x00000000   Number         0  stubs.o ABSOLUTE
    _printf_c                                0x00000000   Number         0  stubs.o ABSOLUTE
    _printf_charcount                        0x00000000   Number         0  stubs.o ABSOLUTE
    _printf_d                                0x00000000   Number         0  stubs.o ABSOLUTE
    _printf_e                                0x00000000   Number         0  stubs.o ABSOLUTE
    _printf_f                                0x00000000   Number         0  stubs.o ABSOLUTE
    _printf_flags                            0x00000000   Number         0  stubs.o ABSOLUTE
    _printf_fp_dec                           0x00000000   Number         0  stubs.o ABSOLUTE
    _printf_fp_hex                           0x00000000   Number         0  stubs.o ABSOLUTE
    _printf_g                                0x00000000   Number         0  stubs.o ABSOLUTE
    _printf_i                                0x00000000   Number         0  stubs.o ABSOLUTE
    _printf_int_dec                          0x00000000   Number         0  stubs.o ABSOLUTE
    _printf_l                                0x00000000   Number         0  stubs.o ABSOLUTE
    _printf_lc                               0x00000000   Number         0  stubs.o ABSOLUTE
    _printf_ll                               0x00000000   Number         0  stubs.o ABSOLUTE
    _printf_lld                              0x00000000   Number         0  stubs.o ABSOLUTE
    _printf_lli                              0x00000000   Number         0  stubs.o ABSOLUTE
    _printf_llo                              0x00000000   Number         0  stubs.o ABSOLUTE
    _printf_llu                              0x00000000   Number         0  stubs.o ABSOLUTE
    _printf_llx                              0x00000000   Number         0  stubs.o ABSOLUTE
    _printf_longlong_dec                     0x00000000   Number         0  stubs.o ABSOLUTE
    _printf_longlong_hex                     0x00000000   Number         0  stubs.o ABSOLUTE
    _printf_longlong_oct                     0x00000000   Number         0  stubs.o ABSOLUTE
    _printf_ls                               0x00000000   Number         0  stubs.o ABSOLUTE
    _printf_mbtowc                           0x00000000   Number         0  stubs.o ABSOLUTE
    _printf_n                                0x00000000   Number         0  stubs.o ABSOLUTE
    _printf_o                                0x00000000   Number         0  stubs.o ABSOLUTE
    _printf_p                                0x00000000   Number         0  stubs.o ABSOLUTE
    _printf_percent                          0x00000000   Number         0  stubs.o ABSOLUTE
    _printf_pre_padding                      0x00000000   Number         0  stubs.o ABSOLUTE
    _printf_return_value                     0x00000000   Number         0  stubs.o ABSOLUTE
    _printf_s                                0x00000000   Number         0  stubs.o ABSOLUTE
    _printf_sizespec                         0x00000000   Number         0  stubs.o ABSOLUTE
    _printf_str                              0x00000000   Number         0  stubs.o ABSOLUTE
    _printf_truncate_signed                  0x00000000   Number         0  stubs.o ABSOLUTE
    _printf_truncate_unsigned                0x00000000   Number         0  stubs.o ABSOLUTE
    _printf_u                                0x00000000   Number         0  stubs.o ABSOLUTE
    _printf_wc                               0x00000000   Number         0  stubs.o ABSOLUTE
    _printf_wctomb                           0x00000000   Number         0  stubs.o ABSOLUTE
    _printf_widthprec                        0x00000000   Number         0  stubs.o ABSOLUTE
    _printf_x                                0x00000000   Number         0  stubs.o ABSOLUTE
    __cpp_initialize__aeabi_                  - Undefined Weak Reference
    __cxa_finalize                            - Undefined Weak Reference
    __decompress                              - Undefined Weak Reference
    _clock_init                               - Undefined Weak Reference
    _microlib_exit                            - Undefined Weak Reference
    __Vectors_Size                           0x00000130   Number         0  startup_stm32f10x_hd.o ABSOLUTE
    __Vectors                                0x08000000   Data           4  startup_stm32f10x_hd.o(RESET)
    __Vectors_End                            0x08000130   Data           0  startup_stm32f10x_hd.o(RESET)
    __main                                   0x08000131   Thumb Code     0  entry.o(.ARM.Collect$$$$00000000)
    _main_stk                                0x08000131   Thumb Code     0  entry2.o(.ARM.Collect$$$$00000001)
    _main_scatterload                        0x08000135   Thumb Code     0  entry5.o(.ARM.Collect$$$$00000004)
    __main_after_scatterload                 0x08000139   Thumb Code     0  entry5.o(.ARM.Collect$$$$00000004)
    _main_clock                              0x08000139   Thumb Code     0  entry7b.o(.ARM.Collect$$$$00000008)
    _main_cpp_init                           0x08000139   Thumb Code     0  entry8b.o(.ARM.Collect$$$$0000000A)
    _main_init                               0x08000139   Thumb Code     0  entry9a.o(.ARM.Collect$$$$0000000B)
    __rt_final_cpp                           0x08000141   Thumb Code     0  entry10a.o(.ARM.Collect$$$$0000000D)
    __rt_final_exit                          0x08000141   Thumb Code     0  entry11a.o(.ARM.Collect$$$$0000000F)
    Test_Task                                0x08000145   Thumb Code    38  main.o(.text)
    Test1_Task                               0x0800016b   Thumb Code    38  main.o(.text)
    Led_Task                                 0x08000191   Thumb Code    24  main.o(.text)
    main                                     0x080001a9   Thumb Code   142  main.o(.text)
    NMI_Handler                              0x080002e5   Thumb Code     2  stm32f10x_it.o(.text)
    HardFault_Handler                        0x080002e7   Thumb Code     4  stm32f10x_it.o(.text)
    MemManage_Handler                        0x080002eb   Thumb Code     4  stm32f10x_it.o(.text)
    BusFault_Handler                         0x080002ef   Thumb Code     4  stm32f10x_it.o(.text)
    UsageFault_Handler                       0x080002f3   Thumb Code     4  stm32f10x_it.o(.text)
    SVC_Handler                              0x080002f7   Thumb Code     2  stm32f10x_it.o(.text)
    DebugMon_Handler                         0x080002f9   Thumb Code     2  stm32f10x_it.o(.text)
    SystemInit                               0x080003db   Thumb Code    78  system_stm32f10x.o(.text)
    SystemCoreClockUpdate                    0x08000429   Thumb Code   142  system_stm32f10x.o(.text)
    LED_Init                                 0x080004dd   Thumb Code    68  led.o(.text)
    KEY_Init                                 0x08000529   Thumb Code    52  key.o(.text)
    KEY_Scan                                 0x0800055d   Thumb Code   188  key.o(.text)
    SysTick_Handler                          0x08000625   Thumb Code    16  delay.o(.text)
    delay_init                               0x08000635   Thumb Code    68  delay.o(.text)
    delay_us                                 0x08000679   Thumb Code    68  delay.o(.text)
    delay_ms                                 0x080006bd   Thumb Code    24  delay.o(.text)
    _sys_exit                                0x080006e1   Thumb Code     4  usart.o(.text)
    fputc                                    0x080006e5   Thumb Code    24  usart.o(.text)
    uart_init                                0x080006fd   Thumb Code   152  usart.o(.text)
    USART1_IRQHandler                        0x08000795   Thumb Code   122  usart.o(.text)
    Reset_Handler                            0x08000821   Thumb Code     8  startup_stm32f10x_hd.o(.text)
    ADC1_2_IRQHandler                        0x0800083b   Thumb Code     0  startup_stm32f10x_hd.o(.text)
    ADC3_IRQHandler                          0x0800083b   Thumb Code     0  startup_stm32f10x_hd.o(.text)
    CAN1_RX1_IRQHandler                      0x0800083b   Thumb Code     0  startup_stm32f10x_hd.o(.text)
    CAN1_SCE_IRQHandler                      0x0800083b   Thumb Code     0  startup_stm32f10x_hd.o(.text)
    DMA1_Channel1_IRQHandler                 0x0800083b   Thumb Code     0  startup_stm32f10x_hd.o(.text)
    DMA1_Channel2_IRQHandler                 0x0800083b   Thumb Code     0  startup_stm32f10x_hd.o(.text)
    DMA1_Channel3_IRQHandler                 0x0800083b   Thumb Code     0  startup_stm32f10x_hd.o(.text)
    DMA1_Channel4_IRQHandler                 0x0800083b   Thumb Code     0  startup_stm32f10x_hd.o(.text)
    DMA1_Channel5_IRQHandler                 0x0800083b   Thumb Code     0  startup_stm32f10x_hd.o(.text)
    DMA1_Channel6_IRQHandler                 0x0800083b   Thumb Code     0  startup_stm32f10x_hd.o(.text)
    DMA1_Channel7_IRQHandler                 0x0800083b   Thumb Code     0  startup_stm32f10x_hd.o(.text)
    DMA2_Channel1_IRQHandler                 0x0800083b   Thumb Code     0  startup_stm32f10x_hd.o(.text)
    DMA2_Channel2_IRQHandler                 0x0800083b   Thumb Code     0  startup_stm32f10x_hd.o(.text)
    DMA2_Channel3_IRQHandler                 0x0800083b   Thumb Code     0  startup_stm32f10x_hd.o(.text)
    DMA2_Channel4_5_IRQHandler               0x0800083b   Thumb Code     0  startup_stm32f10x_hd.o(.text)
    EXTI0_IRQHandler                         0x0800083b   Thumb Code     0  startup_stm32f10x_hd.o(.text)
    EXTI15_10_IRQHandler                     0x0800083b   Thumb Code     0  startup_stm32f10x_hd.o(.text)
    EXTI1_IRQHandler                         0x0800083b   Thumb Code     0  startup_stm32f10x_hd.o(.text)
    EXTI2_IRQHandler                         0x0800083b   Thumb Code     0  startup_stm32f10x_hd.o(.text)
    EXTI3_IRQHandler                         0x0800083b   Thumb Code     0  startup_stm32f10x_hd.o(.text)
    EXTI4_IRQHandler                         0x0800083b   Thumb Code     0  startup_stm32f10x_hd.o(.text)
    EXTI9_5_IRQHandler                       0x0800083b   Thumb Code     0  startup_stm32f10x_hd.o(.text)
    FLASH_IRQHandler                         0x0800083b   Thumb Code     0  startup_stm32f10x_hd.o(.text)
    FSMC_IRQHandler                          0x0800083b   Thumb Code     0  startup_stm32f10x_hd.o(.text)
    I2C1_ER_IRQHandler                       0x0800083b   Thumb Code     0  startup_stm32f10x_hd.o(.text)
    I2C1_EV_IRQHandler                       0x0800083b   Thumb Code     0  startup_stm32f10x_hd.o(.text)
    I2C2_ER_IRQHandler                       0x0800083b   Thumb Code     0  startup_stm32f10x_hd.o(.text)
    I2C2_EV_IRQHandler                       0x0800083b   Thumb Code     0  startup_stm32f10x_hd.o(.text)
    PVD_IRQHandler                           0x0800083b   Thumb Code     0  startup_stm32f10x_hd.o(.text)
    RCC_IRQHandler                           0x0800083b   Thumb Code     0  startup_stm32f10x_hd.o(.text)
    RTCAlarm_IRQHandler                      0x0800083b   Thumb Code     0  startup_stm32f10x_hd.o(.text)
    RTC_IRQHandler                           0x0800083b   Thumb Code     0  startup_stm32f10x_hd.o(.text)
    SDIO_IRQHandler                          0x0800083b   Thumb Code     0  startup_stm32f10x_hd.o(.text)
    SPI1_IRQHandler                          0x0800083b   Thumb Code     0  startup_stm32f10x_hd.o(.text)
    SPI2_IRQHandler                          0x0800083b   Thumb Code     0  startup_stm32f10x_hd.o(.text)
    SPI3_IRQHandler                          0x0800083b   Thumb Code     0  startup_stm32f10x_hd.o(.text)
    TAMPER_IRQHandler                        0x0800083b   Thumb Code     0  startup_stm32f10x_hd.o(.text)
    TIM1_BRK_IRQHandler                      0x0800083b   Thumb Code     0  startup_stm32f10x_hd.o(.text)
    TIM1_CC_IRQHandler                       0x0800083b   Thumb Code     0  startup_stm32f10x_hd.o(.text)
    TIM1_TRG_COM_IRQHandler                  0x0800083b   Thumb Code     0  startup_stm32f10x_hd.o(.text)
    TIM1_UP_IRQHandler                       0x0800083b   Thumb Code     0  startup_stm32f10x_hd.o(.text)
    TIM2_IRQHandler                          0x0800083b   Thumb Code     0  startup_stm32f10x_hd.o(.text)
    TIM3_IRQHandler                          0x0800083b   Thumb Code     0  startup_stm32f10x_hd.o(.text)
    TIM4_IRQHandler                          0x0800083b   Thumb Code     0  startup_stm32f10x_hd.o(.text)
    TIM5_IRQHandler                          0x0800083b   Thumb Code     0  startup_stm32f10x_hd.o(.text)
    TIM6_IRQHandler                          0x0800083b   Thumb Code     0  startup_stm32f10x_hd.o(.text)
    TIM7_IRQHandler                          0x0800083b   Thumb Code     0  startup_stm32f10x_hd.o(.text)
    TIM8_BRK_IRQHandler                      0x0800083b   Thumb Code     0  startup_stm32f10x_hd.o(.text)
    TIM8_CC_IRQHandler                       0x0800083b   Thumb Code     0  startup_stm32f10x_hd.o(.text)
    TIM8_TRG_COM_IRQHandler                  0x0800083b   Thumb Code     0  startup_stm32f10x_hd.o(.text)
    TIM8_UP_IRQHandler                       0x0800083b   Thumb Code     0  startup_stm32f10x_hd.o(.text)
    UART4_IRQHandler                         0x0800083b   Thumb Code     0  startup_stm32f10x_hd.o(.text)
    UART5_IRQHandler                         0x0800083b   Thumb Code     0  startup_stm32f10x_hd.o(.text)
    USART2_IRQHandler                        0x0800083b   Thumb Code     0  startup_stm32f10x_hd.o(.text)
    USART3_IRQHandler                        0x0800083b   Thumb Code     0  startup_stm32f10x_hd.o(.text)
    USBWakeUp_IRQHandler                     0x0800083b   Thumb Code     0  startup_stm32f10x_hd.o(.text)
    USB_HP_CAN1_TX_IRQHandler                0x0800083b   Thumb Code     0  startup_stm32f10x_hd.o(.text)
    USB_LP_CAN1_RX0_IRQHandler               0x0800083b   Thumb Code     0  startup_stm32f10x_hd.o(.text)
    WWDG_IRQHandler                          0x0800083b   Thumb Code     0  startup_stm32f10x_hd.o(.text)
    NVIC_PriorityGroupConfig                 0x08000845   Thumb Code    10  misc.o(.text)
    NVIC_Init                                0x0800084f   Thumb Code   100  misc.o(.text)
    NVIC_SetVectorTable                      0x080008b3   Thumb Code    14  misc.o(.text)
    NVIC_SystemLPConfig                      0x080008c1   Thumb Code    34  misc.o(.text)
    SysTick_CLKSourceConfig                  0x080008e3   Thumb Code    40  misc.o(.text)
    GPIO_DeInit                              0x08000921   Thumb Code   172  stm32f10x_gpio.o(.text)
    GPIO_AFIODeInit                          0x080009cd   Thumb Code    20  stm32f10x_gpio.o(.text)
    GPIO_Init                                0x080009e1   Thumb Code   278  stm32f10x_gpio.o(.text)
    GPIO_StructInit                          0x08000af7   Thumb Code    16  stm32f10x_gpio.o(.text)
    GPIO_ReadInputDataBit                    0x08000b07   Thumb Code    18  stm32f10x_gpio.o(.text)
    GPIO_ReadInputData                       0x08000b19   Thumb Code     8  stm32f10x_gpio.o(.text)
    GPIO_ReadOutputDataBit                   0x08000b21   Thumb Code    18  stm32f10x_gpio.o(.text)
    GPIO_ReadOutputData                      0x08000b33   Thumb Code     8  stm32f10x_gpio.o(.text)
    GPIO_SetBits                             0x08000b3b   Thumb Code     4  stm32f10x_gpio.o(.text)
    GPIO_ResetBits                           0x08000b3f   Thumb Code     4  stm32f10x_gpio.o(.text)
    GPIO_WriteBit                            0x08000b43   Thumb Code    10  stm32f10x_gpio.o(.text)
    GPIO_Write                               0x08000b4d   Thumb Code     4  stm32f10x_gpio.o(.text)
    GPIO_PinLockConfig                       0x08000b51   Thumb Code    18  stm32f10x_gpio.o(.text)
    GPIO_EventOutputConfig                   0x08000b63   Thumb Code    26  stm32f10x_gpio.o(.text)
    GPIO_EventOutputCmd                      0x08000b7d   Thumb Code     6  stm32f10x_gpio.o(.text)
    GPIO_PinRemapConfig                      0x08000b83   Thumb Code   138  stm32f10x_gpio.o(.text)
    GPIO_EXTILineConfig                      0x08000c0d   Thumb Code    66  stm32f10x_gpio.o(.text)
    GPIO_ETH_MediaInterfaceConfig            0x08000c4f   Thumb Code     8  stm32f10x_gpio.o(.text)
    RCC_DeInit                               0x08000c7d   Thumb Code    64  stm32f10x_rcc.o(.text)
    RCC_HSEConfig                            0x08000cbd   Thumb Code    70  stm32f10x_rcc.o(.text)
    RCC_GetFlagStatus                        0x08000d03   Thumb Code    56  stm32f10x_rcc.o(.text)
    RCC_WaitForHSEStartUp                    0x08000d3b   Thumb Code    56  stm32f10x_rcc.o(.text)
    RCC_AdjustHSICalibrationValue            0x08000d73   Thumb Code    20  stm32f10x_rcc.o(.text)
    RCC_HSICmd                               0x08000d87   Thumb Code     6  stm32f10x_rcc.o(.text)
    RCC_PLLConfig                            0x08000d8d   Thumb Code    24  stm32f10x_rcc.o(.text)
    RCC_PLLCmd                               0x08000da5   Thumb Code     6  stm32f10x_rcc.o(.text)
    RCC_SYSCLKConfig                         0x08000dab   Thumb Code    18  stm32f10x_rcc.o(.text)
    RCC_GetSYSCLKSource                      0x08000dbd   Thumb Code    10  stm32f10x_rcc.o(.text)
    RCC_HCLKConfig                           0x08000dc7   Thumb Code    18  stm32f10x_rcc.o(.text)
    RCC_PCLK1Config                          0x08000dd9   Thumb Code    18  stm32f10x_rcc.o(.text)
    RCC_PCLK2Config                          0x08000deb   Thumb Code    20  stm32f10x_rcc.o(.text)
    RCC_ITConfig                             0x08000dff   Thumb Code    26  stm32f10x_rcc.o(.text)
    RCC_USBCLKConfig                         0x08000e19   Thumb Code     8  stm32f10x_rcc.o(.text)
    RCC_ADCCLKConfig                         0x08000e21   Thumb Code    18  stm32f10x_rcc.o(.text)
    RCC_LSEConfig                            0x08000e33   Thumb Code    50  stm32f10x_rcc.o(.text)
    RCC_LSICmd                               0x08000e65   Thumb Code     6  stm32f10x_rcc.o(.text)
    RCC_RTCCLKConfig                         0x08000e6b   Thumb Code    12  stm32f10x_rcc.o(.text)
    RCC_RTCCLKCmd                            0x08000e77   Thumb Code     8  stm32f10x_rcc.o(.text)
    RCC_GetClocksFreq                        0x08000e7f   Thumb Code   192  stm32f10x_rcc.o(.text)
    RCC_AHBPeriphClockCmd                    0x08000f3f   Thumb Code    26  stm32f10x_rcc.o(.text)
    RCC_APB2PeriphClockCmd                   0x08000f59   Thumb Code    26  stm32f10x_rcc.o(.text)
    RCC_APB1PeriphClockCmd                   0x08000f73   Thumb Code    26  stm32f10x_rcc.o(.text)
    RCC_APB2PeriphResetCmd                   0x08000f8d   Thumb Code    26  stm32f10x_rcc.o(.text)
    RCC_APB1PeriphResetCmd                   0x08000fa7   Thumb Code    26  stm32f10x_rcc.o(.text)
    RCC_BackupResetCmd                       0x08000fc1   Thumb Code     8  stm32f10x_rcc.o(.text)
    RCC_ClockSecuritySystemCmd               0x08000fc9   Thumb Code     6  stm32f10x_rcc.o(.text)
    RCC_MCOConfig                            0x08000fcf   Thumb Code     6  stm32f10x_rcc.o(.text)
    RCC_ClearFlag                            0x08000fd5   Thumb Code    14  stm32f10x_rcc.o(.text)
    RCC_GetITStatus                          0x08000fe3   Thumb Code    20  stm32f10x_rcc.o(.text)
    RCC_ClearITPendingBit                    0x08000ff7   Thumb Code     6  stm32f10x_rcc.o(.text)
    USART_DeInit                             0x08001021   Thumb Code   134  stm32f10x_usart.o(.text)
    USART_Init                               0x080010a7   Thumb Code   210  stm32f10x_usart.o(.text)
    USART_StructInit                         0x08001179   Thumb Code    24  stm32f10x_usart.o(.text)
    USART_ClockInit                          0x08001191   Thumb Code    34  stm32f10x_usart.o(.text)
    USART_ClockStructInit                    0x080011b3   Thumb Code    12  stm32f10x_usart.o(.text)
    USART_Cmd                                0x080011bf   Thumb Code    24  stm32f10x_usart.o(.text)
    USART_ITConfig                           0x080011d7   Thumb Code    74  stm32f10x_usart.o(.text)
    USART_DMACmd                             0x08001221   Thumb Code    18  stm32f10x_usart.o(.text)
    USART_SetAddress                         0x08001233   Thumb Code    18  stm32f10x_usart.o(.text)
    USART_WakeUpConfig                       0x08001245   Thumb Code    18  stm32f10x_usart.o(.text)
    USART_ReceiverWakeUpCmd                  0x08001257   Thumb Code    24  stm32f10x_usart.o(.text)
    USART_LINBreakDetectLengthConfig         0x0800126f   Thumb Code    18  stm32f10x_usart.o(.text)
    USART_LINCmd                             0x08001281   Thumb Code    24  stm32f10x_usart.o(.text)
    USART_SendData                           0x08001299   Thumb Code     8  stm32f10x_usart.o(.text)
    USART_ReceiveData                        0x080012a1   Thumb Code    10  stm32f10x_usart.o(.text)
    USART_SendBreak                          0x080012ab   Thumb Code    10  stm32f10x_usart.o(.text)
    USART_SetGuardTime                       0x080012b5   Thumb Code    16  stm32f10x_usart.o(.text)
    USART_SetPrescaler                       0x080012c5   Thumb Code    16  stm32f10x_usart.o(.text)
    USART_SmartCardCmd                       0x080012d5   Thumb Code    24  stm32f10x_usart.o(.text)
    USART_SmartCardNACKCmd                   0x080012ed   Thumb Code    24  stm32f10x_usart.o(.text)
    USART_HalfDuplexCmd                      0x08001305   Thumb Code    24  stm32f10x_usart.o(.text)
    USART_OverSampling8Cmd                   0x0800131d   Thumb Code    22  stm32f10x_usart.o(.text)
    USART_OneBitMethodCmd                    0x08001333   Thumb Code    24  stm32f10x_usart.o(.text)
    USART_IrDAConfig                         0x0800134b   Thumb Code    18  stm32f10x_usart.o(.text)
    USART_IrDACmd                            0x0800135d   Thumb Code    24  stm32f10x_usart.o(.text)
    USART_GetFlagStatus                      0x08001375   Thumb Code    26  stm32f10x_usart.o(.text)
    USART_ClearFlag                          0x0800138f   Thumb Code    18  stm32f10x_usart.o(.text)
    USART_GetITStatus                        0x080013a1   Thumb Code    84  stm32f10x_usart.o(.text)
    USART_ClearITPendingBit                  0x080013f5   Thumb Code    52  stm32f10x_usart.o(.text)
    aos_reboot                               0x08001429   Thumb Code     2  aos_rhino.o(.text)
    aos_get_hz                               0x0800142b   Thumb Code     4  aos_rhino.o(.text)
    aos_version_get                          0x0800142f   Thumb Code     4  aos_rhino.o(.text)
    aos_task_new                             0x08001433   Thumb Code   396  aos_rhino.o(.text)
    aos_task_new_ext                         0x080015bf   Thumb Code   400  aos_rhino.o(.text)
    aos_task_exit                            0x0800174f   Thumb Code    12  aos_rhino.o(.text)
    aos_task_name                            0x0800175b   Thumb Code    10  aos_rhino.o(.text)
    aos_task_key_create                      0x08001765   Thumb Code    50  aos_rhino.o(.text)
    aos_task_key_delete                      0x08001797   Thumb Code    24  aos_rhino.o(.text)
    aos_task_setspecific                     0x080017af   Thumb Code   388  aos_rhino.o(.text)
    aos_task_getspecific                     0x08001933   Thumb Code    26  aos_rhino.o(.text)
    aos_free                                 0x0800194d   Thumb Code    18  aos_rhino.o(.text)
    aos_malloc                               0x0800195f   Thumb Code    56  aos_rhino.o(.text)
    aos_mutex_new                            0x08001997   Thumb Code   398  aos_rhino.o(.text)
    aos_mutex_free                           0x08001b25   Thumb Code    28  aos_rhino.o(.text)
    aos_mutex_lock                           0x08001b41   Thumb Code   414  aos_rhino.o(.text)
    aos_mutex_unlock                         0x08001cdf   Thumb Code   390  aos_rhino.o(.text)
    aos_mutex_is_valid                       0x08001e65   Thumb Code    20  aos_rhino.o(.text)
    aos_sem_new                              0x08001e79   Thumb Code   408  aos_rhino.o(.text)
    aos_sem_free                             0x08002011   Thumb Code    28  aos_rhino.o(.text)
    aos_sem_wait                             0x0800202d   Thumb Code   404  aos_rhino.o(.text)
    aos_sem_signal                           0x080021c1   Thumb Code    18  aos_rhino.o(.text)
    aos_sem_is_valid                         0x080021d3   Thumb Code    20  aos_rhino.o(.text)
    aos_sem_signal_all                       0x080021e7   Thumb Code    18  aos_rhino.o(.text)
    aos_event_new                            0x080021f9   Thumb Code   364  aos_rhino.o(.text)
    aos_event_free                           0x08002365   Thumb Code    22  aos_rhino.o(.text)
    aos_event_get                            0x0800237b   Thumb Code   422  aos_rhino.o(.text)
    aos_event_set                            0x08002521   Thumb Code   376  aos_rhino.o(.text)
    aos_queue_new                            0x08002699   Thumb Code   420  aos_rhino.o(.text)
    aos_queue_free                           0x0800283d   Thumb Code    28  aos_rhino.o(.text)
    aos_queue_send                           0x08002859   Thumb Code   378  aos_rhino.o(.text)
    aos_queue_recv                           0x080029d3   Thumb Code   392  aos_rhino.o(.text)
    aos_queue_is_valid                       0x08002b5b   Thumb Code    20  aos_rhino.o(.text)
    aos_queue_buf_ptr                        0x08002b6f   Thumb Code    22  aos_rhino.o(.text)
    aos_timer_new                            0x08002b85   Thumb Code   488  aos_rhino.o(.text)
    aos_timer_new_ext                        0x08002d6d   Thumb Code   470  aos_rhino.o(.text)
    aos_timer_free                           0x08002f43   Thumb Code    22  aos_rhino.o(.text)
    aos_timer_start                          0x08002f59   Thumb Code   364  aos_rhino.o(.text)
    aos_timer_stop                           0x080030c5   Thumb Code   374  aos_rhino.o(.text)
    aos_timer_change                         0x0800323b   Thumb Code   436  aos_rhino.o(.text)
    aos_workqueue_create                     0x080033ef   Thumb Code   458  aos_rhino.o(.text)
    aos_work_init                            0x080035b9   Thumb Code   424  aos_rhino.o(.text)
    aos_work_destroy                         0x08003761   Thumb Code    40  aos_rhino.o(.text)
    aos_work_run                             0x08003789   Thumb Code   380  aos_rhino.o(.text)
    aos_work_sched                           0x08003905   Thumb Code   364  aos_rhino.o(.text)
    aos_work_cancel                          0x08003a71   Thumb Code    32  aos_rhino.o(.text)
    aos_zalloc                               0x08003a91   Thumb Code    66  aos_rhino.o(.text)
    aos_realloc                              0x08003ad3   Thumb Code    60  aos_rhino.o(.text)
    aos_alloc_trace                          0x08003b0f   Thumb Code    20  aos_rhino.o(.text)
    aos_now                                  0x08003b23   Thumb Code    38  aos_rhino.o(.text)
    aos_now_ms                               0x08003b49   Thumb Code     8  aos_rhino.o(.text)
    aos_msleep                               0x08003b51   Thumb Code    20  aos_rhino.o(.text)
    aos_init                                 0x08003b65   Thumb Code     8  aos_rhino.o(.text)
    aos_start                                0x08003b6d   Thumb Code     8  aos_rhino.o(.text)
    krhino_workqueue_create                  0x08003c43   Thumb Code   242  k_workqueue.o(.text)
    krhino_work_init                         0x08003da7   Thumb Code   138  k_workqueue.o(.text)
    krhino_work_run                          0x08003e31   Thumb Code   184  k_workqueue.o(.text)
    krhino_work_sched                        0x08003ee9   Thumb Code    14  k_workqueue.o(.text)
    krhino_work_cancel                       0x08003ef7   Thumb Code   122  k_workqueue.o(.text)
    workqueue_init                           0x08003f71   Thumb Code    96  k_workqueue.o(.text)
    krhino_timer_start                       0x0800404b   Thumb Code    42  k_timer.o(.text)
    krhino_timer_create                      0x08004121   Thumb Code    40  k_timer.o(.text)
    krhino_timer_del                         0x08004149   Thumb Code    42  k_timer.o(.text)
    krhino_timer_dyn_create                  0x08004173   Thumb Code    94  k_timer.o(.text)
    krhino_timer_dyn_del                     0x080041d1   Thumb Code    42  k_timer.o(.text)
    krhino_timer_stop                        0x080041fb   Thumb Code    42  k_timer.o(.text)
    krhino_timer_change                      0x08004225   Thumb Code   108  k_timer.o(.text)
    krhino_timer_arg_change                  0x08004291   Thumb Code    46  k_timer.o(.text)
    krhino_timer_arg_change_auto             0x080042bf   Thumb Code    46  k_timer.o(.text)
    ktimer_init                              0x0800458d   Thumb Code    66  k_timer.o(.text)
    krhino_tick_proc                         0x08004609   Thumb Code    16  k_time.o(.text)
    krhino_sys_tick_get                      0x08004619   Thumb Code    24  k_time.o(.text)
    krhino_sys_time_get                      0x08004631   Thumb Code    40  k_time.o(.text)
    krhino_ms_to_ticks                       0x08004659   Thumb Code   102  k_time.o(.text)
    krhino_ticks_to_ms                       0x080046bf   Thumb Code    94  k_time.o(.text)
    tick_list_init                           0x08004721   Thumb Code    10  k_tick.o(.text)
    tick_list_insert                         0x0800472b   Thumb Code    56  k_tick.o(.text)
    tick_list_rm                             0x08004763   Thumb Code    22  k_tick.o(.text)
    tick_list_update                         0x08004779   Thumb Code   272  k_tick.o(.text)
    krhino_task_create                       0x08004ab7   Thumb Code    54  k_task.o(.text)
    task_dyn_create                          0x08004aed   Thumb Code   154  k_task.o(.text)
    krhino_task_dyn_create                   0x08004b87   Thumb Code    50  k_task.o(.text)
    krhino_task_sleep                        0x08004bb9   Thumb Code   178  k_task.o(.text)
    krhino_task_yield                        0x08004c6b   Thumb Code    48  k_task.o(.text)
    krhino_cur_task_get                      0x08004c9b   Thumb Code    36  k_task.o(.text)
    task_suspend                             0x08004cbf   Thumb Code   230  k_task.o(.text)
    krhino_task_suspend                      0x08004da5   Thumb Code    32  k_task.o(.text)
    task_resume                              0x08004dc5   Thumb Code   166  k_task.o(.text)
    krhino_task_resume                       0x08004e6b   Thumb Code    22  k_task.o(.text)
    krhino_task_stack_min_free               0x08004e81   Thumb Code    60  k_task.o(.text)
    krhino_task_stack_cur_free               0x08004ebd   Thumb Code   144  k_task.o(.text)
    task_pri_change                          0x08004f4d   Thumb Code   216  k_task.o(.text)
    krhino_task_pri_change                   0x08005025   Thumb Code   176  k_task.o(.text)
    krhino_task_wait_abort                   0x080050d5   Thumb Code   202  k_task.o(.text)
    krhino_task_del                          0x080051e5   Thumb Code   298  k_task.o(.text)
    krhino_task_dyn_del                      0x0800530f   Thumb Code   388  k_task.o(.text)
    krhino_task_time_slice_set               0x08005493   Thumb Code    84  k_task.o(.text)
    krhino_sched_policy_set                  0x080054e7   Thumb Code    84  k_task.o(.text)
    krhino_sched_policy_get                  0x0800553b   Thumb Code    86  k_task.o(.text)
    krhino_task_info_set                     0x08005591   Thumb Code    54  k_task.o(.text)
    krhino_task_info_get                     0x080055c7   Thumb Code    44  k_task.o(.text)
    krhino_task_deathbed                     0x080055f3   Thumb Code    58  k_task.o(.text)
    krhino_init                              0x0800563d   Thumb Code   102  k_sys.o(.text)
    krhino_start                             0x080056a3   Thumb Code    46  k_sys.o(.text)
    krhino_intrpt_enter                      0x080056d1   Thumb Code    32  k_sys.o(.text)
    krhino_intrpt_exit                       0x080056f1   Thumb Code   100  k_sys.o(.text)
    krhino_next_sleep_ticks_get              0x08005755   Thumb Code    84  k_sys.o(.text)
    krhino_global_space_get                  0x080057a9   Thumb Code    12  k_sys.o(.text)
    krhino_version_get                       0x080057b5   Thumb Code     6  k_sys.o(.text)
    kobj_list_init                           0x08005805   Thumb Code    58  k_stats.o(.text)
    krhino_stack_ovf_check                   0x0800583f   Thumb Code    68  k_stats.o(.text)
    krhino_sem_create                        0x080058fd   Thumb Code    22  k_sem.o(.text)
    krhino_sem_del                           0x08005913   Thumb Code   150  k_sem.o(.text)
    krhino_sem_dyn_create                    0x080059a9   Thumb Code    68  k_sem.o(.text)
    krhino_sem_dyn_del                       0x080059ed   Thumb Code   156  k_sem.o(.text)
    krhino_sem_give                          0x08005b2f   Thumb Code    24  k_sem.o(.text)
    krhino_sem_give_all                      0x08005b47   Thumb Code    24  k_sem.o(.text)
    krhino_sem_take                          0x08005b5f   Thumb Code   224  k_sem.o(.text)
    krhino_sem_count_set                     0x08005c3f   Thumb Code   160  k_sem.o(.text)
    krhino_sem_count_get                     0x08005cdf   Thumb Code    54  k_sem.o(.text)
    krhino_sched_disable                     0x08005d43   Thumb Code    96  k_sched.o(.text)
    preferred_cpu_ready_task_get             0x08005da3   Thumb Code    18  k_sched.o(.text)
    core_sched                               0x08005db5   Thumb Code    90  k_sched.o(.text)
    krhino_sched_enable                      0x08005e0f   Thumb Code   122  k_sched.o(.text)
    runqueue_init                            0x08005e89   Thumb Code    26  k_sched.o(.text)
    ready_list_add_head                      0x08005ef5   Thumb Code    66  k_sched.o(.text)
    ready_list_add_tail                      0x08005f37   Thumb Code    54  k_sched.o(.text)
    ready_list_add                           0x08005f6d   Thumb Code    48  k_sched.o(.text)
    ready_list_rm                            0x08005f9d   Thumb Code   146  k_sched.o(.text)
    ready_list_head_to_tail                  0x0800602f   Thumb Code    20  k_sched.o(.text)
    time_slice_update                        0x08006043   Thumb Code   148  k_sched.o(.text)
    ringbuf_reset                            0x08006145   Thumb Code    22  k_ringbuf.o(.text)
    ringbuf_init                             0x0800615b   Thumb Code    30  k_ringbuf.o(.text)
    ringbuf_is_full                          0x08006179   Thumb Code    38  k_ringbuf.o(.text)
    ringbuf_push                             0x0800619f   Thumb Code   274  k_ringbuf.o(.text)
    ringbuf_is_empty                         0x080062b1   Thumb Code    22  k_ringbuf.o(.text)
    ringbuf_pop                              0x080062c7   Thumb Code   268  k_ringbuf.o(.text)
    pend_task_wakeup                         0x08006417   Thumb Code    84  k_pend.o(.text)
    pend_to_blk_obj                          0x0800646b   Thumb Code    82  k_pend.o(.text)
    pend_task_rm                             0x080064bd   Thumb Code    86  k_pend.o(.text)
    pend_list_reorder                        0x08006513   Thumb Code    28  k_pend.o(.text)
    pend_state_end_proc                      0x0800652f   Thumb Code    66  k_pend.o(.text)
    mutex_create                             0x08006585   Thumb Code   102  k_mutex.o(.text)
    krhino_mutex_create                      0x080065eb   Thumb Code    18  k_mutex.o(.text)
    mutex_pri_look                           0x080065fd   Thumb Code    78  k_mutex.o(.text)
    krhino_mutex_del                         0x0800666d   Thumb Code   168  k_mutex.o(.text)
    krhino_mutex_dyn_create                  0x08006715   Thumb Code    70  k_mutex.o(.text)
    krhino_mutex_dyn_del                     0x0800675b   Thumb Code   174  k_mutex.o(.text)
    mutex_pri_limit                          0x08006809   Thumb Code    52  k_mutex.o(.text)
    mutex_task_pri_reset                     0x0800683d   Thumb Code    38  k_mutex.o(.text)
    krhino_mutex_lock                        0x08006863   Thumb Code   382  k_mutex.o(.text)
    krhino_mutex_unlock                      0x080069e1   Thumb Code   232  k_mutex.o(.text)
    print_block                              0x08006af5   Thumb Code   178  k_mm_debug.o(.text)
    dump_kmm_free_map                        0x08006ba7   Thumb Code    64  k_mm_debug.o(.text)
    dump_kmm_map                             0x08006be7   Thumb Code    86  k_mm_debug.o(.text)
    dump_kmm_statistic_info                  0x08006c3d   Thumb Code   138  k_mm_debug.o(.text)
    dumpsys_mm_info_func                     0x08006cc7   Thumb Code   106  k_mm_debug.o(.text)
    krhino_mblk_pool_init                    0x08006f39   Thumb Code   214  k_mm_blk.o(.text)
    krhino_mblk_alloc                        0x0800700f   Thumb Code    94  k_mm_blk.o(.text)
    krhino_mblk_free                         0x0800706d   Thumb Code    68  k_mm_blk.o(.text)
    k_mm_free                                0x080071cf   Thumb Code   384  k_mm.o(.text)
    krhino_add_mm_region                     0x080073a3   Thumb Code   176  k_mm.o(.text)
    k_mm_alloc                               0x080074fd   Thumb Code   462  k_mm.o(.text)
    krhino_init_mm_head                      0x080076cb   Thumb Code   248  k_mm.o(.text)
    k_mm_init                                0x080077c3   Thumb Code    54  k_mm.o(.text)
    show_mm                                  0x080077f9   Thumb Code    40  k_mm.o(.text)
    krhino_deinit_mm_head                    0x08007821   Thumb Code    16  k_mm.o(.text)
    k_mm_realloc                             0x08007831   Thumb Code   688  k_mm.o(.text)
    krhino_owner_attach                      0x08007ae1   Thumb Code    78  k_mm.o(.text)
    krhino_mm_alloc                          0x08007b2f   Thumb Code   232  k_mm.o(.text)
    krhino_mm_free                           0x08007c17   Thumb Code    16  k_mm.o(.text)
    krhino_mm_realloc                        0x08007c27   Thumb Code    92  k_mm.o(.text)
    idle_task                                0x08007d65   Thumb Code    40  k_idle.o(.text)
    krhino_event_create                      0x08007df5   Thumb Code    22  k_event.o(.text)
    krhino_event_del                         0x08007e0b   Thumb Code   152  k_event.o(.text)
    krhino_event_dyn_create                  0x08007ea3   Thumb Code    64  k_event.o(.text)
    krhino_event_dyn_del                     0x08007ee3   Thumb Code   158  k_event.o(.text)
    krhino_event_get                         0x08007f81   Thumb Code   354  k_event.o(.text)
    krhino_event_set                         0x080081c1   Thumb Code    42  k_event.o(.text)
    k_err_proc                               0x08008209   Thumb Code    20  k_err.o(.text)
    dyn_mem_proc_task                        0x08008221   Thumb Code   140  k_dyn_mem_proc.o(.text)
    dyn_mem_proc_task_start                  0x080082ad   Thumb Code    44  k_dyn_mem_proc.o(.text)
    krhino_buf_queue_create                  0x080083a5   Thumb Code    40  k_buf_queue.o(.text)
    krhino_fix_buf_queue_create              0x080083cd   Thumb Code    44  k_buf_queue.o(.text)
    krhino_buf_queue_del                     0x080083f9   Thumb Code   158  k_buf_queue.o(.text)
    krhino_buf_queue_dyn_create              0x08008497   Thumb Code   116  k_buf_queue.o(.text)
    krhino_buf_queue_dyn_del                 0x0800850b   Thumb Code   170  k_buf_queue.o(.text)
    krhino_buf_queue_send                    0x08008695   Thumb Code    40  k_buf_queue.o(.text)
    krhino_buf_queue_recv                    0x080086bd   Thumb Code   328  k_buf_queue.o(.text)
    krhino_buf_queue_flush                   0x08008805   Thumb Code   106  k_buf_queue.o(.text)
    krhino_buf_queue_info_get                0x0800886f   Thumb Code    98  k_buf_queue.o(.text)
    cpu_task_stack_init                      0x080088fd   Thumb Code   176  port_c.o(.text)
    cpu_intrpt_save                          0x080089b1   Thumb Code     0  port_s.o(.text)
    cpu_intrpt_restore                       0x080089b9   Thumb Code     0  port_s.o(.text)
    cpu_task_switch                          0x080089bf   Thumb Code     0  port_s.o(.text)
    cpu_intrpt_switch                        0x080089c9   Thumb Code     0  port_s.o(.text)
    cpu_first_task_start                     0x080089d3   Thumb Code     0  port_s.o(.text)
    PendSV_Handler                           0x08008a01   Thumb Code     0  port_s.o(.text)
    __aeabi_assert                           0x08008a49   Thumb Code     4  soc_impl.o(.text)
    aos_heap_set                             0x08008a4d   Thumb Code    14  soc_impl.o(.text)
    soc_get_cur_sp                           0x08008a5b   Thumb Code     4  soc_impl.o(.text)
    soc_err_proc                             0x08008ab1   Thumb Code    14  soc_impl.o(.text)
    __aeabi_uldivmod                         0x08008b21   Thumb Code    98  uldiv.o(.text)
    __aeabi_memcpy                           0x08008b83   Thumb Code    36  memcpya.o(.text)
    __aeabi_memcpy4                          0x08008b83   Thumb Code     0  memcpya.o(.text)
    __aeabi_memcpy8                          0x08008b83   Thumb Code     0  memcpya.o(.text)
    __aeabi_memset                           0x08008ba7   Thumb Code    14  memseta.o(.text)
    __aeabi_memset4                          0x08008ba7   Thumb Code     0  memseta.o(.text)
    __aeabi_memset8                          0x08008ba7   Thumb Code     0  memseta.o(.text)
    __aeabi_memclr                           0x08008bb5   Thumb Code     4  memseta.o(.text)
    __aeabi_memclr4                          0x08008bb5   Thumb Code     0  memseta.o(.text)
    __aeabi_memclr8                          0x08008bb5   Thumb Code     0  memseta.o(.text)
    _memset$wrapper                          0x08008bb9   Thumb Code    18  memseta.o(.text)
    __aeabi_llsl                             0x08008bcb   Thumb Code    30  llshl.o(.text)
    _ll_shift_l                              0x08008bcb   Thumb Code     0  llshl.o(.text)
    __aeabi_llsr                             0x08008be9   Thumb Code    32  llushr.o(.text)
    _ll_ushift_r                             0x08008be9   Thumb Code     0  llushr.o(.text)
    __scatterload                            0x08008c09   Thumb Code    28  init.o(.text)
    __scatterload_rt2                        0x08008c09   Thumb Code     0  init.o(.text)
    __0printf$8                              0x08008c2d   Thumb Code    22  printf8.o(i.__0printf$8)
    __1printf$8                              0x08008c2d   Thumb Code     0  printf8.o(i.__0printf$8)
    __2printf                                0x08008c2d   Thumb Code     0  printf8.o(i.__0printf$8)
    __scatterload_copy                       0x08008c4d   Thumb Code    14  handlers.o(i.__scatterload_copy)
    __scatterload_null                       0x08008c5b   Thumb Code     2  handlers.o(i.__scatterload_null)
    __scatterload_zeroinit                   0x08008c5d   Thumb Code    14  handlers.o(i.__scatterload_zeroinit)
    Region$$Table$$Base                      0x080091d8   Number         0  anon$$obj.o(Region$$Table)
    Region$$Table$$Limit                     0x080091f8   Number         0  anon$$obj.o(Region$$Table)
    Led_Task_t                               0x20000000   Data           4  main.o(.data)
    Test_Task_t                              0x20000004   Data           4  main.o(.data)
    Test1_Task_t                             0x20000008   Data           4  main.o(.data)
    SystemCoreClock                          0x2000000c   Data           4  system_stm32f10x.o(.data)
    AHBPrescTable                            0x20000010   Data          16  system_stm32f10x.o(.data)
    __stdout                                 0x20000024   Data           4  usart.o(.data)
    USART_RX_STA                             0x20000028   Data           2  usart.o(.data)
    g_sys_stat                               0x20000048   Data           2  k_obj.o(.data)
    g_idle_task_spawned                      0x2000004a   Data           1  k_obj.o(.data)
    g_sched_lock                             0x2000004b   Data           1  k_obj.o(.data)
    g_intrpt_nested_level                    0x2000004c   Data           1  k_obj.o(.data)
    g_preferred_ready_task                   0x20000050   Data           4  k_obj.o(.data)
    g_active_task                            0x20000054   Data           4  k_obj.o(.data)
    g_idle_count                             0x20000058   Data           8  k_obj.o(.data)
    g_tick_count                             0x20000060   Data           8  k_obj.o(.data)
    g_tick_head                              0x20000068   Data           8  k_obj.o(.data)
    g_timer_head                             0x20000070   Data           8  k_obj.o(.data)
    g_timer_count                            0x20000078   Data           8  k_obj.o(.data)
    g_res_list                               0x20000080   Data           8  k_obj.o(.data)
    g_workqueue_list_head                    0x20000088   Data           8  k_obj.o(.data)
    g_kmm_head                               0x20000090   Data           4  k_obj.o(.data)
    g_mm_region                              0x2000009c   Data           8  soc_impl.o(.data)
    g_region_num                             0x200000a4   Data           4  soc_impl.o(.data)
    g_err_proc                               0x200000a8   Data           4  soc_impl.o(.data)
    USART_RX_BUF                             0x200000ac   Data         200  usart.o(.bss)
    g_ready_queue                            0x20000178   Data         260  k_obj.o(.bss)
    g_idle_task                              0x20000280   Data         120  k_obj.o(.bss)
    g_idle_task_stack                        0x200002f8   Data         800  k_obj.o(.bss)
    g_kobj_list                              0x20000618   Data          56  k_obj.o(.bss)
    g_timer_task                             0x20000650   Data         120  k_obj.o(.bss)
    g_timer_task_stack                       0x200006c8   Data        1200  k_obj.o(.bss)
    g_timer_queue                            0x20000b78   Data          76  k_obj.o(.bss)
    timer_queue_cb                           0x20000bc8   Data         480  k_obj.o(.bss)
    g_res_sem                                0x20000da8   Data          36  k_obj.o(.bss)
    g_dyn_task                               0x20000dd0   Data         120  k_obj.o(.bss)
    g_dyn_task_stack                         0x20000e48   Data        1024  k_obj.o(.bss)
    g_workqueue_mutex                        0x20001248   Data          40  k_obj.o(.bss)
    g_workqueue_default                      0x20001270   Data         184  k_obj.o(.bss)
    g_workqueue_stack                        0x20001328   Data        3072  k_obj.o(.bss)
    g_heap_buf                               0x20001f28   Data       20480  soc_impl.o(.bss)
    __initial_sp                             0x20007328   Data           0  startup_stm32f10x_hd.o(STACK)



==============================================================================

Memory Map of the image

  Image Entry point : 0x08000131

  Load Region LR_IROM1 (Base: 0x08000000, Size: 0x000092a4, Max: 0x00080000, ABSOLUTE)

    Execution Region ER_IROM1 (Exec base: 0x08000000, Load base: 0x08000000, Size: 0x000091f8, Max: 0x00080000, ABSOLUTE)

    Exec Addr    Load Addr    Size         Type   Attr      Idx    E Section Name        Object

    0x08000000   0x08000000   0x00000130   Data   RO          460    RESET               startup_stm32f10x_hd.o
    0x08000130   0x08000130   0x00000000   Code   RO         1279  * .ARM.Collect$$$$00000000  mc_w.l(entry.o)
    0x08000130   0x08000130   0x00000004   Code   RO         1551    .ARM.Collect$$$$00000001  mc_w.l(entry2.o)
    0x08000134   0x08000134   0x00000004   Code   RO         1554    .ARM.Collect$$$$00000004  mc_w.l(entry5.o)
    0x08000138   0x08000138   0x00000000   Code   RO         1556    .ARM.Collect$$$$00000008  mc_w.l(entry7b.o)
    0x08000138   0x08000138   0x00000000   Code   RO         1558    .ARM.Collect$$$$0000000A  mc_w.l(entry8b.o)
    0x08000138   0x08000138   0x00000008   Code   RO         1559    .ARM.Collect$$$$0000000B  mc_w.l(entry9a.o)
    0x08000140   0x08000140   0x00000000   Code   RO         1561    .ARM.Collect$$$$0000000D  mc_w.l(entry10a.o)
    0x08000140   0x08000140   0x00000000   Code   RO         1563    .ARM.Collect$$$$0000000F  mc_w.l(entry11a.o)
    0x08000140   0x08000140   0x00000004   Code   RO         1552    .ARM.Collect$$$$00002712  mc_w.l(entry2.o)
    0x08000144   0x08000144   0x000001a0   Code   RO            1    .text               main.o
    0x080002e4   0x080002e4   0x00000016   Code   RO          203    .text               stm32f10x_it.o
    0x080002fa   0x080002fa   0x00000002   PAD
    0x080002fc   0x080002fc   0x000001e0   Code   RO          244    .text               system_stm32f10x.o
    0x080004dc   0x080004dc   0x0000004c   Code   RO          262    .text               led.o
    0x08000528   0x08000528   0x000000fc   Code   RO          274    .text               key.o
    0x08000624   0x08000624   0x000000bc   Code   RO          287    .text               delay.o
    0x080006e0   0x080006e0   0x00000140   Code   RO          425    .text               usart.o
    0x08000820   0x08000820   0x00000024   Code   RO          461    .text               startup_stm32f10x_hd.o
    0x08000844   0x08000844   0x000000dc   Code   RO          465    .text               misc.o
    0x08000920   0x08000920   0x0000035c   Code   RO          477    .text               stm32f10x_gpio.o
    0x08000c7c   0x08000c7c   0x000003a4   Code   RO          489    .text               stm32f10x_rcc.o
    0x08001020   0x08001020   0x00000408   Code   RO          503    .text               stm32f10x_usart.o
    0x08001428   0x08001428   0x00002750   Code   RO          515    .text               aos_rhino.o
    0x08003b78   0x08003b78   0x0000045e   Code   RO          544    .text               k_workqueue.o
    0x08003fd6   0x08003fd6   0x00000002   PAD
    0x08003fd8   0x08003fd8   0x00000630   Code   RO          596    .text               k_timer.o
    0x08004608   0x08004608   0x00000118   Code   RO          648    .text               k_time.o
    0x08004720   0x08004720   0x000001e4   Code   RO          660    .text               k_tick.o
    0x08004904   0x08004904   0x00000d36   Code   RO          724    .text               k_task.o
    0x0800563a   0x0800563a   0x00000002   PAD
    0x0800563c   0x0800563c   0x000001c8   Code   RO          779    .text               k_sys.o
    0x08005804   0x08005804   0x00000090   Code   RO          831    .text               k_stats.o
    0x08005894   0x08005894   0x0000049e   Code   RO          843    .text               k_sem.o
    0x08005d32   0x08005d32   0x00000002   PAD
    0x08005d34   0x08005d34   0x00000410   Code   RO          855    .text               k_sched.o
    0x08006144   0x08006144   0x0000028e   Code   RO          910    .text               k_ringbuf.o
    0x080063d2   0x080063d2   0x00000002   PAD
    0x080063d4   0x080063d4   0x000001b0   Code   RO          934    .text               k_pend.o
    0x08006584   0x08006584   0x00000570   Code   RO          999    .text               k_mutex.o
    0x08006af4   0x08006af4   0x00000444   Code   RO         1011    .text               k_mm_debug.o
    0x08006f38   0x08006f38   0x0000017c   Code   RO         1059    .text               k_mm_blk.o
    0x080070b4   0x080070b4   0x00000cb0   Code   RO         1111    .text               k_mm.o
    0x08007d64   0x08007d64   0x0000002c   Code   RO         1135    .text               k_idle.o
    0x08007d90   0x08007d90   0x00000478   Code   RO         1147    .text               k_event.o
    0x08008208   0x08008208   0x00000018   Code   RO         1159    .text               k_err.o
    0x08008220   0x08008220   0x000000dc   Code   RO         1171    .text               k_dyn_mem_proc.o
    0x080082fc   0x080082fc   0x00000600   Code   RO         1223    .text               k_buf_queue.o
    0x080088fc   0x080088fc   0x000000b4   Code   RO         1235    .text               port_c.o
    0x080089b0   0x080089b0   0x00000098   Code   RO         1247    .text               port_s.o
    0x08008a48   0x08008a48   0x000000d8   Code   RO         1250    .text               soc_impl.o
    0x08008b20   0x08008b20   0x00000062   Code   RO         1282    .text               mc_w.l(uldiv.o)
    0x08008b82   0x08008b82   0x00000024   Code   RO         1284    .text               mc_w.l(memcpya.o)
    0x08008ba6   0x08008ba6   0x00000024   Code   RO         1286    .text               mc_w.l(memseta.o)
    0x08008bca   0x08008bca   0x0000001e   Code   RO         1567    .text               mc_w.l(llshl.o)
    0x08008be8   0x08008be8   0x00000020   Code   RO         1569    .text               mc_w.l(llushr.o)
    0x08008c08   0x08008c08   0x00000024   Code   RO         1582    .text               mc_w.l(init.o)
    0x08008c2c   0x08008c2c   0x00000020   Code   RO         1497    i.__0printf$8       mc_w.l(printf8.o)
    0x08008c4c   0x08008c4c   0x0000000e   Code   RO         1590    i.__scatterload_copy  mc_w.l(handlers.o)
    0x08008c5a   0x08008c5a   0x00000002   Code   RO         1591    i.__scatterload_null  mc_w.l(handlers.o)
    0x08008c5c   0x08008c5c   0x0000000e   Code   RO         1592    i.__scatterload_zeroinit  mc_w.l(handlers.o)
    0x08008c6a   0x08008c6a   0x00000002   PAD
    0x08008c6c   0x08008c6c   0x00000410   Code   RO         1504    i._printf_core      mc_w.l(printf8.o)
    0x0800907c   0x0800907c   0x00000024   Code   RO         1505    i._printf_post_padding  mc_w.l(printf8.o)
    0x080090a0   0x080090a0   0x0000002e   Code   RO         1506    i._printf_pre_padding  mc_w.l(printf8.o)
    0x080090ce   0x080090ce   0x00000002   PAD
    0x080090d0   0x080090d0   0x00000107   Data   RO         1012    .conststring        k_mm_debug.o
    0x080091d7   0x080091d7   0x00000001   PAD
    0x080091d8   0x080091d8   0x00000020   Data   RO         1588    Region$$Table       anon$$obj.o


    Execution Region RW_IRAM1 (Exec base: 0x20000000, Load base: 0x080091f8, Size: 0x00007328, Max: 0x00010000, ABSOLUTE)

    Exec Addr    Load Addr    Size         Type   Attr      Idx    E Section Name        Object

    0x20000000   0x080091f8   0x0000000c   Data   RW            2    .data               main.o
    0x2000000c   0x08009204   0x00000014   Data   RW          245    .data               system_stm32f10x.o
    0x20000020   0x08009218   0x00000001   Data   RW          275    .data               key.o
    0x20000021   0x08009219   0x00000001   Data   RW          288    .data               delay.o
    0x20000022   0x0800921a   0x00000002   PAD
    0x20000024   0x0800921c   0x00000006   Data   RW          427    .data               usart.o
    0x2000002a   0x08009222   0x00000014   Data   RW          490    .data               stm32f10x_rcc.o
    0x2000003e   0x08009236   0x00000002   PAD
    0x20000040   0x08009238   0x00000004   Data   RW          516    .data               aos_rhino.o
    0x20000044   0x0800923c   0x00000004   PAD
    0x20000048   0x08009240   0x0000004c   Data   RW          987    .data               k_obj.o
    0x20000094   0x0800928c   0x00000008   Data   RW         1112    .data               k_mm.o
    0x2000009c   0x08009294   0x00000010   Data   RW         1252    .data               soc_impl.o
    0x200000ac        -       0x000000c8   Zero   RW          426    .bss                usart.o
    0x20000174   0x080092a4   0x00000004   PAD
    0x20000178        -       0x00001db0   Zero   RW          986    .bss                k_obj.o
    0x20001f28        -       0x00005000   Zero   RW         1251    .bss                soc_impl.o
    0x20006f28        -       0x00000400   Zero   RW          458    STACK               startup_stm32f10x_hd.o


==============================================================================

Image component sizes


      Code (inc. data)   RO Data    RW Data    ZI Data      Debug   Object Name

     10064        220          0          4          0      17077   aos_rhino.o
       188         12          0          1          0      15328   delay.o
      1536         22          0          0          0       6581   k_buf_queue.o
       220         36          0          0          0       9913   k_dyn_mem_proc.o
        24          4          0          0          0        517   k_err.o
      1144         16          0          0          0       5278   k_event.o
        44          4          0          0          0        636   k_idle.o
      3248        320          0          8          0      11377   k_mm.o
       380          4          0          0          0       3979   k_mm_blk.o
      1092        520        263          0          0       5170   k_mm_debug.o
      1392         34          0          0          0       5931   k_mutex.o
         0          0          0         76       7600       1997   k_obj.o
       432          6          0          0          0       6094   k_pend.o
       654          0          0          0          0       3123   k_ringbuf.o
      1040         22          0          0          0      10504   k_sched.o
      1182         16          0          0          0       5674   k_sem.o
       144         12          0          0          0       1396   k_stats.o
       456         74          0          0          0       6421   k_sys.o
      3382        120          0          0          0      21923   k_task.o
       484         14          0          0          0       6168   k_tick.o
       280          4          0          0          0       1425   k_time.o
      1584         72          0          0          0      13222   k_timer.o
      1118         68          0          0          0       9679   k_workqueue.o
       252         12          0          1          0        808   key.o
        76          8          0          0          0        463   led.o
       416        174          0         12          0     236087   main.o
       220         22          0          0          0       1737   misc.o
       180          4          0          0          0       1210   port_c.o
       152         20          0          0          0        368   port_s.o
       216         98          0         16      20480       4095   soc_impl.o
        36          8        304          0       1024        760   startup_stm32f10x_hd.o
       860         38          0          0          0       5669   stm32f10x_gpio.o
        22          0          0          0          0        967   stm32f10x_it.o
       932         36          0         20          0       8812   stm32f10x_rcc.o
      1032         22          0          0          0       8392   stm32f10x_usart.o
         0          0          0          0          0         32   sys.o
       480         38          0         20          0       1643   system_stm32f10x.o
       320         18          0          6        200       3038   usart.o

    ----------------------------------------------------------------------
     35292       2098        600        172      29308     443494   Object Totals
         0          0         32          0          0          0   (incl. Generated)
        10          0          1          8          4          0   (incl. Padding)

    ----------------------------------------------------------------------

      Code (inc. data)   RO Data    RW Data    ZI Data      Debug   Library Member Name

         0          0          0          0          0          0   entry.o
         0          0          0          0          0          0   entry10a.o
         0          0          0          0          0          0   entry11a.o
         8          4          0          0          0          0   entry2.o
         4          0          0          0          0          0   entry5.o
         0          0          0          0          0          0   entry7b.o
         0          0          0          0          0          0   entry8b.o
         8          4          0          0          0          0   entry9a.o
        30          0          0          0          0          0   handlers.o
        36          8          0          0          0         68   init.o
        30          0          0          0          0         68   llshl.o
        32          0          0          0          0         68   llushr.o
        36          0          0          0          0         68   memcpya.o
        36          0          0          0          0        108   memseta.o
      1154         54          0          0          0        352   printf8.o
        98          0          0          0          0         92   uldiv.o

    ----------------------------------------------------------------------
      1476         70          0          0          0        824   Library Totals
         4          0          0          0          0          0   (incl. Padding)

    ----------------------------------------------------------------------

      Code (inc. data)   RO Data    RW Data    ZI Data      Debug   Library Name

      1472         70          0          0          0        824   mc_w.l

    ----------------------------------------------------------------------
      1476         70          0          0          0        824   Library Totals

    ----------------------------------------------------------------------

==============================================================================


      Code (inc. data)   RO Data    RW Data    ZI Data      Debug   

     36768       2168        600        172      29308     441558   Grand Totals
     36768       2168        600        172      29308     441558   ELF Image Totals
     36768       2168        600        172          0          0   ROM Totals

==============================================================================

    Total RO  Size (Code + RO Data)                37368 (  36.49kB)
    Total RW  Size (RW Data + ZI Data)             29480 (  28.79kB)
    Total ROM Size (Code + RO Data + RW Data)      37540 (  36.66kB)

==============================================================================

